<?xml version="1.0"?>
<link_info>
   <banner>TI ARM Linker PC v16.9.7.LTS</banner>
   <copyright>Copyright (c) 1996-2017 Texas Instruments Incorporated</copyright>
   <link_time>0x5b1988e0</link_time>
   <link_errors>0x0</link_errors>
   <output_file>imped.out</output_file>
   <entry_point>
      <name>_c_int00</name>
      <address>0x1259</address>
   </entry_point>
   <input_file_list>
      <input_file id="fl-2">
         <path>.\</path>
         <kind>object</kind>
         <file>main.obj</file>
         <name>main.obj</name>
      </input_file>
      <input_file id="fl-3">
         <path>.\</path>
         <kind>object</kind>
         <file>tm4c123gh6pm_startup_ccs.obj</file>
         <name>tm4c123gh6pm_startup_ccs.obj</name>
      </input_file>
      <input_file id="fl-4">
         <path>.\</path>
         <kind>object</kind>
         <file>uart.obj</file>
         <name>uart.obj</name>
      </input_file>
      <input_file id="fl-5">
         <path>.\</path>
         <kind>object</kind>
         <file>uartstdio.obj</file>
         <name>uartstdio.obj</name>
      </input_file>
      <input_file id="fl-a">
         <kind>object</kind>
         <file>&lt;internal&gt;</file>
         <name>&lt;internal&gt;</name>
      </input_file>
      <input_file id="fl-b">
         <path>C:\ti\TivaWare_C_Series-2.1.4.178\driverlib\rvmdk\</path>
         <kind>archive</kind>
         <file>driverlib.lib</file>
         <name>adc.o</name>
      </input_file>
      <input_file id="fl-c">
         <path>C:\ti\TivaWare_C_Series-2.1.4.178\driverlib\rvmdk\</path>
         <kind>archive</kind>
         <file>driverlib.lib</file>
         <name>gpio.o</name>
      </input_file>
      <input_file id="fl-d">
         <path>C:\ti\TivaWare_C_Series-2.1.4.178\driverlib\rvmdk\</path>
         <kind>archive</kind>
         <file>driverlib.lib</file>
         <name>interrupt.o</name>
      </input_file>
      <input_file id="fl-e">
         <path>C:\ti\TivaWare_C_Series-2.1.4.178\driverlib\rvmdk\</path>
         <kind>archive</kind>
         <file>driverlib.lib</file>
         <name>sysctl.o</name>
      </input_file>
      <input_file id="fl-f">
         <path>C:\ti\TivaWare_C_Series-2.1.4.178\driverlib\rvmdk\</path>
         <kind>archive</kind>
         <file>driverlib.lib</file>
         <name>timer.o</name>
      </input_file>
      <input_file id="fl-10">
         <path>C:\ti\TivaWare_C_Series-2.1.4.178\driverlib\rvmdk\</path>
         <kind>archive</kind>
         <file>driverlib.lib</file>
         <name>udma.o</name>
      </input_file>
      <input_file id="fl-11">
         <path>C:\ti\TivaWare_C_Series-2.1.4.178\driverlib\rvmdk\</path>
         <kind>archive</kind>
         <file>driverlib.lib</file>
         <name>cpu.o</name>
      </input_file>
      <input_file id="fl-c7">
         <path>C:\ti\ccsv7\tools\compiler\ti-cgt-arm_16.9.7.LTS\lib\</path>
         <kind>archive</kind>
         <file>rtsv7M4_T_le_v4SPD16_eabi.lib</file>
         <name>boot.obj</name>
      </input_file>
      <input_file id="fl-c8">
         <path>C:\ti\ccsv7\tools\compiler\ti-cgt-arm_16.9.7.LTS\lib\</path>
         <kind>archive</kind>
         <file>rtsv7M4_T_le_v4SPD16_eabi.lib</file>
         <name>copy_decompress_lzss.obj</name>
      </input_file>
      <input_file id="fl-c9">
         <path>C:\ti\ccsv7\tools\compiler\ti-cgt-arm_16.9.7.LTS\lib\</path>
         <kind>archive</kind>
         <file>rtsv7M4_T_le_v4SPD16_eabi.lib</file>
         <name>copy_decompress_none.obj</name>
      </input_file>
      <input_file id="fl-ca">
         <path>C:\ti\ccsv7\tools\compiler\ti-cgt-arm_16.9.7.LTS\lib\</path>
         <kind>archive</kind>
         <file>rtsv7M4_T_le_v4SPD16_eabi.lib</file>
         <name>copy_zero_init.obj</name>
      </input_file>
      <input_file id="fl-cb">
         <path>C:\ti\ccsv7\tools\compiler\ti-cgt-arm_16.9.7.LTS\lib\</path>
         <kind>archive</kind>
         <file>rtsv7M4_T_le_v4SPD16_eabi.lib</file>
         <name>exit.obj</name>
      </input_file>
      <input_file id="fl-cc">
         <path>C:\ti\ccsv7\tools\compiler\ti-cgt-arm_16.9.7.LTS\lib\</path>
         <kind>archive</kind>
         <file>rtsv7M4_T_le_v4SPD16_eabi.lib</file>
         <name>memcpy_t2.obj</name>
      </input_file>
      <input_file id="fl-cd">
         <path>C:\ti\ccsv7\tools\compiler\ti-cgt-arm_16.9.7.LTS\lib\</path>
         <kind>archive</kind>
         <file>rtsv7M4_T_le_v4SPD16_eabi.lib</file>
         <name>memset_t2.obj</name>
      </input_file>
      <input_file id="fl-ce">
         <path>C:\ti\ccsv7\tools\compiler\ti-cgt-arm_16.9.7.LTS\lib\</path>
         <kind>archive</kind>
         <file>rtsv7M4_T_le_v4SPD16_eabi.lib</file>
         <name>mpu_init.obj</name>
      </input_file>
      <input_file id="fl-cf">
         <path>C:\ti\ccsv7\tools\compiler\ti-cgt-arm_16.9.7.LTS\lib\</path>
         <kind>archive</kind>
         <file>rtsv7M4_T_le_v4SPD16_eabi.lib</file>
         <name>pre_init.obj</name>
      </input_file>
      <input_file id="fl-d0">
         <path>C:\ti\ccsv7\tools\compiler\ti-cgt-arm_16.9.7.LTS\lib\</path>
         <kind>archive</kind>
         <file>rtsv7M4_T_le_v4SPD16_eabi.lib</file>
         <name>stkdepth_vars.obj</name>
      </input_file>
      <input_file id="fl-d1">
         <path>C:\ti\ccsv7\tools\compiler\ti-cgt-arm_16.9.7.LTS\lib\</path>
         <kind>archive</kind>
         <file>rtsv7M4_T_le_v4SPD16_eabi.lib</file>
         <name>u_divt2.obj</name>
      </input_file>
      <input_file id="fl-d2">
         <path>C:\ti\ccsv7\tools\compiler\ti-cgt-arm_16.9.7.LTS\lib\</path>
         <kind>archive</kind>
         <file>rtsv7M4_T_le_v4SPD16_eabi.lib</file>
         <name>_lock.obj</name>
      </input_file>
      <input_file id="fl-d3">
         <path>C:\ti\ccsv7\tools\compiler\ti-cgt-arm_16.9.7.LTS\lib\</path>
         <kind>archive</kind>
         <file>rtsv7M4_T_le_v4SPD16_eabi.lib</file>
         <name>args_main.obj</name>
      </input_file>
      <input_file id="fl-d4">
         <path>C:\ti\ccsv7\tools\compiler\ti-cgt-arm_16.9.7.LTS\lib\</path>
         <kind>archive</kind>
         <file>rtsv7M4_T_le_v4SPD16_eabi.lib</file>
         <name>autoinit.obj</name>
      </input_file>
      <input_file id="fl-d5">
         <path>C:\ti\ccsv7\tools\compiler\ti-cgt-arm_16.9.7.LTS\lib\</path>
         <kind>archive</kind>
         <file>rtsv7M4_T_le_v4SPD16_eabi.lib</file>
         <name>cpy_tbl.obj</name>
      </input_file>
      <input_file id="fl-d6">
         <path>C:\ti\ccsv7\tools\compiler\ti-cgt-arm_16.9.7.LTS\lib\</path>
         <kind>archive</kind>
         <file>rtsv7M4_T_le_v4SPD16_eabi.lib</file>
         <name>i_div0.obj</name>
      </input_file>
      <input_file id="fl-d7">
         <path>C:\ti\ccsv7\tools\compiler\ti-cgt-arm_16.9.7.LTS\lib\</path>
         <kind>archive</kind>
         <file>rtsv7M4_T_le_v4SPD16_eabi.lib</file>
         <name>startup.obj</name>
      </input_file>
   </input_file_list>
   <object_component_list>
      <object_component id="oc-3b">
         <name>.intvecs</name>
         <load_address>0x0</load_address>
         <run_address>0x0</run_address>
         <size>0x26c</size>
         <input_file_ref idref="fl-3"/>
      </object_component>
      <object_component id="oc-d3">
         <name>.text</name>
         <load_address>0x26c</load_address>
         <run_address>0x26c</run_address>
         <size>0x638</size>
         <input_file_ref idref="fl-4"/>
      </object_component>
      <object_component id="oc-11a">
         <name>.text</name>
         <load_address>0x8a4</load_address>
         <run_address>0x8a4</run_address>
         <size>0x49c</size>
         <input_file_ref idref="fl-5"/>
      </object_component>
      <object_component id="oc-5d">
         <name>.text</name>
         <load_address>0xd40</load_address>
         <run_address>0xd40</run_address>
         <size>0x328</size>
         <input_file_ref idref="fl-2"/>
      </object_component>
      <object_component id="oc-71">
         <name>.text</name>
         <load_address>0x1068</load_address>
         <run_address>0x1068</run_address>
         <size>0x9c</size>
         <input_file_ref idref="fl-cc"/>
      </object_component>
      <object_component id="oc-7d">
         <name>.text</name>
         <load_address>0x1104</load_address>
         <run_address>0x1104</run_address>
         <size>0x7a</size>
         <input_file_ref idref="fl-cd"/>
      </object_component>
      <object_component id="oc-273">
         <name>.text</name>
         <load_address>0x117e</load_address>
         <run_address>0x117e</run_address>
         <size>0x2</size>
         <input_file_ref idref="fl-d6"/>
      </object_component>
      <object_component id="oc-95">
         <name>.text</name>
         <load_address>0x1180</load_address>
         <run_address>0x1180</run_address>
         <size>0x70</size>
         <input_file_ref idref="fl-d4"/>
      </object_component>
      <object_component id="oc-3e">
         <name>.text:decompress:lzss</name>
         <load_address>0x11f0</load_address>
         <run_address>0x11f0</run_address>
         <size>0x68</size>
         <input_file_ref idref="fl-c8"/>
      </object_component>
      <object_component id="oc-50">
         <name>.text</name>
         <load_address>0x1258</load_address>
         <run_address>0x1258</run_address>
         <size>0x54</size>
         <input_file_ref idref="fl-c7"/>
      </object_component>
      <object_component id="oc-a1">
         <name>.text</name>
         <load_address>0x12ac</load_address>
         <run_address>0x12ac</run_address>
         <size>0x54</size>
         <input_file_ref idref="fl-cb"/>
      </object_component>
      <object_component id="oc-18c">
         <name>.text</name>
         <load_address>0x1300</load_address>
         <run_address>0x1300</run_address>
         <size>0x4c</size>
         <input_file_ref idref="fl-d5"/>
      </object_component>
      <object_component id="oc-1ff">
         <name>.text</name>
         <load_address>0x134c</load_address>
         <run_address>0x134c</run_address>
         <size>0x40</size>
         <input_file_ref idref="fl-d1"/>
      </object_component>
      <object_component id="oc-9b">
         <name>.text</name>
         <load_address>0x138c</load_address>
         <run_address>0x138c</run_address>
         <size>0x18</size>
         <input_file_ref idref="fl-d3"/>
      </object_component>
      <object_component id="oc-244">
         <name>.text</name>
         <load_address>0x13a4</load_address>
         <run_address>0x13a4</run_address>
         <size>0x14</size>
         <input_file_ref idref="fl-d2"/>
      </object_component>
      <object_component id="oc-44">
         <name>.text:decompress:none</name>
         <load_address>0x13b8</load_address>
         <run_address>0x13b8</run_address>
         <size>0xe</size>
         <input_file_ref idref="fl-c9"/>
      </object_component>
      <object_component id="oc-4a">
         <name>.text:decompress:ZI</name>
         <load_address>0x13c6</load_address>
         <run_address>0x13c6</run_address>
         <size>0xc</size>
         <input_file_ref idref="fl-ca"/>
      </object_component>
      <object_component id="oc-57">
         <name>.text</name>
         <load_address>0x13d2</load_address>
         <run_address>0x13d2</run_address>
         <size>0xc</size>
         <input_file_ref idref="fl-3"/>
      </object_component>
      <object_component id="oc-8f">
         <name>.text</name>
         <load_address>0x13de</load_address>
         <run_address>0x13de</run_address>
         <size>0x4</size>
         <input_file_ref idref="fl-cf"/>
      </object_component>
      <object_component id="oc-89">
         <name>.text</name>
         <load_address>0x13e2</load_address>
         <run_address>0x13e2</run_address>
         <size>0x2</size>
         <input_file_ref idref="fl-ce"/>
      </object_component>
      <object_component id="oc-192">
         <name>.text</name>
         <load_address>0x13e4</load_address>
         <run_address>0x13e4</run_address>
         <size>0x2</size>
         <input_file_ref idref="fl-d7"/>
      </object_component>
      <object_component id="oc-2ff">
         <name>.tramp.ADCSequenceDataGet.1</name>
         <load_address>0x13e8</load_address>
         <run_address>0x13e8</run_address>
         <size>0x8</size>
         <input_file_ref idref="fl-b"/>
      </object_component>
      <object_component id="oc-2fe">
         <name>.tramp.TimerIntClear.1</name>
         <load_address>0x13f0</load_address>
         <run_address>0x13f0</run_address>
         <size>0x8</size>
         <input_file_ref idref="fl-f"/>
      </object_component>
      <object_component id="oc-2fd">
         <name>.tramp.ADCIntEnable.1</name>
         <load_address>0x13f8</load_address>
         <run_address>0x13f8</run_address>
         <size>0x8</size>
         <input_file_ref idref="fl-b"/>
      </object_component>
      <object_component id="oc-2fc">
         <name>.tramp.uDMAChannelAttributeDisable.1</name>
         <load_address>0x1400</load_address>
         <run_address>0x1400</run_address>
         <size>0x8</size>
         <input_file_ref idref="fl-10"/>
      </object_component>
      <object_component id="oc-2fb">
         <name>.tramp.uDMAChannelAssign.1</name>
         <load_address>0x1408</load_address>
         <run_address>0x1408</run_address>
         <size>0x8</size>
         <input_file_ref idref="fl-10"/>
      </object_component>
      <object_component id="oc-2fa">
         <name>.tramp.TimerDMAEventSet.1</name>
         <load_address>0x1410</load_address>
         <run_address>0x1410</run_address>
         <size>0x8</size>
         <input_file_ref idref="fl-f"/>
      </object_component>
      <object_component id="oc-2f9">
         <name>.tramp.SysCtlPeripheralReset.1</name>
         <load_address>0x1418</load_address>
         <run_address>0x1418</run_address>
         <size>0x8</size>
         <input_file_ref idref="fl-e"/>
      </object_component>
      <object_component id="oc-2f8">
         <name>.tramp.SysCtlPeripheralDisable.1</name>
         <load_address>0x1420</load_address>
         <run_address>0x1420</run_address>
         <size>0x8</size>
         <input_file_ref idref="fl-e"/>
      </object_component>
      <object_component id="oc-2f7">
         <name>.tramp.SysCtlPeripheralPresent.1</name>
         <load_address>0x1428</load_address>
         <run_address>0x1428</run_address>
         <size>0x8</size>
         <input_file_ref idref="fl-e"/>
      </object_component>
      <object_component id="oc-1c1">
         <name>.const:g_ppui32UARTIntMap</name>
         <load_address>0x1b0c</load_address>
         <run_address>0x1b0c</run_address>
         <size>0x40</size>
         <input_file_ref idref="fl-4"/>
      </object_component>
      <object_component id="oc-1c7">
         <name>.const:g_ppui32UARTIntMapSnowflake</name>
         <load_address>0x1b4c</load_address>
         <run_address>0x1b4c</run_address>
         <size>0x40</size>
         <input_file_ref idref="fl-4"/>
      </object_component>
      <object_component id="oc-27a">
         <name>.const:.string</name>
         <load_address>0x1b8c</load_address>
         <run_address>0x1b8c</run_address>
         <size>0x12</size>
         <input_file_ref idref="fl-5"/>
      </object_component>
      <object_component id="oc-1fc">
         <name>.const:g_ui32UARTBase</name>
         <load_address>0x1ba0</load_address>
         <run_address>0x1ba0</run_address>
         <size>0xc</size>
         <input_file_ref idref="fl-5"/>
      </object_component>
      <object_component id="oc-1f6">
         <name>.const:g_ui32UARTPeriph</name>
         <load_address>0x1bac</load_address>
         <run_address>0x1bac</run_address>
         <size>0xc</size>
         <input_file_ref idref="fl-5"/>
      </object_component>
      <object_component id="oc-1c4">
         <name>.const</name>
         <load_address>0x1bb8</load_address>
         <run_address>0x1bb8</run_address>
         <size>0x8</size>
         <input_file_ref idref="fl-4"/>
      </object_component>
      <object_component id="oc-204">
         <name>.const</name>
         <load_address>0x1bc0</load_address>
         <run_address>0x1bc0</run_address>
         <size>0x4</size>
         <input_file_ref idref="fl-5"/>
      </object_component>
      <object_component id="oc-2f4">
         <name>.cinit..data.load</name>
         <load_address>0x26c0</load_address>
         <run_address>0x26c0</run_address>
         <size>0xa5</size>
      </object_component>
      <object_component id="oc-2f1">
         <name>__TI_handler_table</name>
         <load_address>0x2768</load_address>
         <run_address>0x2768</run_address>
         <size>0xc</size>
      </object_component>
      <object_component id="oc-2f3">
         <name>.cinit.vtable.load</name>
         <load_address>0x2774</load_address>
         <run_address>0x2774</run_address>
         <size>0x9</size>
      </object_component>
      <object_component id="oc-2f5">
         <name>.cinit..bss.load</name>
         <load_address>0x2780</load_address>
         <run_address>0x2780</run_address>
         <size>0x8</size>
      </object_component>
      <object_component id="oc-2f2">
         <name>__TI_cinit_table</name>
         <load_address>0x2788</load_address>
         <run_address>0x2788</run_address>
         <size>0x18</size>
      </object_component>
      <object_component id="oc-134">
         <name>i.ADCIntClear</name>
         <load_address>0x256c</load_address>
         <run_address>0x256c</run_address>
         <size>0xa</size>
         <input_file_ref idref="fl-b"/>
      </object_component>
      <object_component id="oc-125">
         <name>i.ADCSequenceConfigure</name>
         <load_address>0x22a8</load_address>
         <run_address>0x22a8</run_address>
         <size>0x60</size>
         <input_file_ref idref="fl-b"/>
      </object_component>
      <object_component id="oc-12f">
         <name>i.ADCSequenceEnable</name>
         <load_address>0x252a</load_address>
         <run_address>0x252a</run_address>
         <size>0xe</size>
         <input_file_ref idref="fl-b"/>
      </object_component>
      <object_component id="oc-12a">
         <name>i.ADCSequenceStepConfigure</name>
         <load_address>0x20c4</load_address>
         <run_address>0x20c4</run_address>
         <size>0x9a</size>
         <input_file_ref idref="fl-b"/>
      </object_component>
      <object_component id="oc-1b7">
         <name>i.GPIODirModeSet</name>
         <load_address>0x242a</load_address>
         <run_address>0x242a</run_address>
         <size>0x28</size>
         <input_file_ref idref="fl-c"/>
      </object_component>
      <object_component id="oc-1b2">
         <name>i.GPIOPadConfigSet</name>
         <load_address>0x1e6c</load_address>
         <run_address>0x1e6c</run_address>
         <size>0x138</size>
         <input_file_ref idref="fl-c"/>
      </object_component>
      <object_component id="oc-c9">
         <name>i.GPIOPinConfigure</name>
         <load_address>0x23b8</load_address>
         <run_address>0x23b8</run_address>
         <size>0x44</size>
         <input_file_ref idref="fl-c"/>
      </object_component>
      <object_component id="oc-120">
         <name>i.GPIOPinTypeADC</name>
         <load_address>0x249c</load_address>
         <run_address>0x249c</run_address>
         <size>0x1c</size>
         <input_file_ref idref="fl-c"/>
      </object_component>
      <object_component id="oc-bf">
         <name>i.GPIOPinTypeGPIOOutput</name>
         <load_address>0x24b8</load_address>
         <run_address>0x24b8</run_address>
         <size>0x1c</size>
         <input_file_ref idref="fl-c"/>
      </object_component>
      <object_component id="oc-ce">
         <name>i.GPIOPinTypeUART</name>
         <load_address>0x24d4</load_address>
         <run_address>0x24d4</run_address>
         <size>0x1c</size>
         <input_file_ref idref="fl-c"/>
      </object_component>
      <object_component id="oc-c4">
         <name>i.GPIOPinWrite</name>
         <load_address>0x2576</load_address>
         <run_address>0x2576</run_address>
         <size>0x6</size>
         <input_file_ref idref="fl-c"/>
      </object_component>
      <object_component id="oc-213">
         <name>.constdata</name>
         <load_address>0x1430</load_address>
         <run_address>0x1430</run_address>
         <size>0x254</size>
         <input_file_ref idref="fl-e"/>
      </object_component>
      <object_component id="oc-1bd">
         <name>.constdata</name>
         <load_address>0x1684</load_address>
         <run_address>0x1684</run_address>
         <size>0x228</size>
         <input_file_ref idref="fl-c"/>
      </object_component>
      <object_component id="oc-1db">
         <name>.constdata</name>
         <load_address>0x18ac</load_address>
         <run_address>0x18ac</run_address>
         <size>0x10c</size>
         <input_file_ref idref="fl-d"/>
      </object_component>
      <object_component id="oc-1cf">
         <name>i.IntDisable</name>
         <load_address>0x21e0</load_address>
         <run_address>0x21e0</run_address>
         <size>0x64</size>
         <input_file_ref idref="fl-d"/>
      </object_component>
      <object_component id="oc-d9">
         <name>i.IntEnable</name>
         <load_address>0x2244</load_address>
         <run_address>0x2244</run_address>
         <size>0x64</size>
         <input_file_ref idref="fl-d"/>
      </object_component>
      <object_component id="oc-ed">
         <name>i.IntMasterEnable</name>
         <load_address>0x2538</load_address>
         <run_address>0x2538</run_address>
         <size>0xe</size>
         <input_file_ref idref="fl-d"/>
      </object_component>
      <object_component id="oc-1ca">
         <name>i.IntRegister</name>
         <load_address>0x1bc4</load_address>
         <run_address>0x1bc4</run_address>
         <size>0x34</size>
         <input_file_ref idref="fl-d"/>
      </object_component>
      <object_component id="oc-1d4">
         <name>i.IntUnregister</name>
         <load_address>0x24f0</load_address>
         <run_address>0x24f0</run_address>
         <size>0x14</size>
         <input_file_ref idref="fl-d"/>
      </object_component>
      <object_component id="oc-25f">
         <name>i._IntDefaultHandler</name>
         <load_address>0x215e</load_address>
         <run_address>0x215e</run_address>
         <size>0x2</size>
         <input_file_ref idref="fl-d"/>
      </object_component>
      <object_component id="oc-25c">
         <name>vtable</name>
         <load_address>0x1c00</load_address>
         <run_address>0x1c00</run_address>
         <size>0x26c</size>
         <input_file_ref idref="fl-d"/>
      </object_component>
      <object_component id="oc-1e1">
         <name>.emb_text</name>
         <load_address>0x23fc</load_address>
         <run_address>0x23fc</run_address>
         <size>0x26</size>
         <input_file_ref idref="fl-11"/>
      </object_component>
      <object_component id="oc-bb">
         <name>.emb_text</name>
         <load_address>0x2424</load_address>
         <run_address>0x2424</run_address>
         <size>0x6</size>
         <input_file_ref idref="fl-e"/>
      </object_component>
      <object_component id="oc-139">
         <name>i.SysCtlClockGet</name>
         <load_address>0x19b8</load_address>
         <run_address>0x19b8</run_address>
         <size>0x154</size>
         <input_file_ref idref="fl-e"/>
      </object_component>
      <object_component id="oc-14d">
         <name>i.SysCtlClockSet</name>
         <load_address>0x1fa4</load_address>
         <run_address>0x1fa4</run_address>
         <size>0x120</size>
         <input_file_ref idref="fl-e"/>
      </object_component>
      <object_component id="oc-b6">
         <name>i.SysCtlPeripheralEnable</name>
         <load_address>0x2454</load_address>
         <run_address>0x2454</run_address>
         <size>0x28</size>
         <input_file_ref idref="fl-e"/>
      </object_component>
      <object_component id="oc-de">
         <name>i.TimerConfigure</name>
         <load_address>0x2308</load_address>
         <run_address>0x2308</run_address>
         <size>0x60</size>
         <input_file_ref idref="fl-f"/>
      </object_component>
      <object_component id="oc-13e">
         <name>i.TimerControlTrigger</name>
         <load_address>0x2368</load_address>
         <run_address>0x2368</run_address>
         <size>0x50</size>
         <input_file_ref idref="fl-f"/>
      </object_component>
      <object_component id="oc-148">
         <name>i.TimerEnable</name>
         <load_address>0x2546</load_address>
         <run_address>0x2546</run_address>
         <size>0xe</size>
         <input_file_ref idref="fl-f"/>
      </object_component>
      <object_component id="oc-e8">
         <name>i.TimerIntEnable</name>
         <load_address>0x1bf8</load_address>
         <run_address>0x1bf8</run_address>
         <size>0x8</size>
         <input_file_ref idref="fl-f"/>
      </object_component>
      <object_component id="oc-e3">
         <name>i.TimerLoadSet</name>
         <load_address>0x2518</load_address>
         <run_address>0x2518</run_address>
         <size>0x12</size>
         <input_file_ref idref="fl-f"/>
      </object_component>
      <object_component id="oc-10b">
         <name>i.uDMAChannelControlSet</name>
         <load_address>0x247c</load_address>
         <run_address>0x247c</run_address>
         <size>0x20</size>
         <input_file_ref idref="fl-10"/>
      </object_component>
      <object_component id="oc-115">
         <name>i.uDMAChannelEnable</name>
         <load_address>0x2504</load_address>
         <run_address>0x2504</run_address>
         <size>0x14</size>
         <input_file_ref idref="fl-10"/>
      </object_component>
      <object_component id="oc-110">
         <name>i.uDMAChannelTransferSet</name>
         <load_address>0x2160</load_address>
         <run_address>0x2160</run_address>
         <size>0x80</size>
         <input_file_ref idref="fl-10"/>
      </object_component>
      <object_component id="oc-fc">
         <name>i.uDMAControlBaseSet</name>
         <load_address>0x2554</load_address>
         <run_address>0x2554</run_address>
         <size>0xc</size>
         <input_file_ref idref="fl-10"/>
      </object_component>
      <object_component id="oc-f7">
         <name>i.uDMAEnable</name>
         <load_address>0x2560</load_address>
         <run_address>0x2560</run_address>
         <size>0xc</size>
         <input_file_ref idref="fl-10"/>
      </object_component>
      <object_component id="oc-15c">
         <name>.data</name>
         <load_address>0x200009b0</load_address>
         <run_address>0x200009b0</run_address>
         <size>0xc</size>
         <input_file_ref idref="fl-2"/>
      </object_component>
      <object_component id="oc-162">
         <name>.data:seno</name>
         <load_address>0x20000924</load_address>
         <run_address>0x20000924</run_address>
         <size>0x80</size>
         <input_file_ref idref="fl-2"/>
      </object_component>
      <object_component id="oc-1f9">
         <name>.data</name>
         <load_address>0x200009c4</load_address>
         <run_address>0x200009c4</run_address>
         <size>0x5</size>
         <input_file_ref idref="fl-5"/>
      </object_component>
      <object_component id="oc-19c">
         <name>.data:$O1$$</name>
         <load_address>0x200009a4</load_address>
         <run_address>0x200009a4</run_address>
         <size>0xc</size>
         <input_file_ref idref="fl-cb"/>
      </object_component>
      <object_component id="oc-a7">
         <name>.data</name>
         <load_address>0x200009cc</load_address>
         <run_address>0x200009cc</run_address>
         <size>0x4</size>
         <input_file_ref idref="fl-d0"/>
      </object_component>
      <object_component id="oc-19f">
         <name>.data:$O1$$</name>
         <load_address>0x200009bc</load_address>
         <run_address>0x200009bc</run_address>
         <size>0x8</size>
         <input_file_ref idref="fl-d2"/>
      </object_component>
      <object_component id="oc-166">
         <name>.common:pui32ADC0Value</name>
         <uninitialized>true</uninitialized>
         <run_address>0x20000720</run_address>
         <size>0x4</size>
      </object_component>
      <object_component id="oc-165">
         <name>.common:adc_buffer</name>
         <uninitialized>true</uninitialized>
         <run_address>0x20000400</run_address>
         <size>0x320</size>
      </object_component>
      <object_component id="oc-15f">
         <name>.common:uDMA_table</name>
         <uninitialized>true</uninitialized>
         <run_address>0x20000000</run_address>
         <size>0x400</size>
      </object_component>
      <object_component id="oc-56">
         <name>.stack</name>
         <uninitialized>true</uninitialized>
         <run_address>0x20000724</run_address>
         <size>0x0</size>
         <input_file_ref idref="fl-c7"/>
      </object_component>
      <object_component id="oc-2f6">
         <name>.stack</name>
         <uninitialized>true</uninitialized>
         <run_address>0x20000724</run_address>
         <size>0x0</size>
      </object_component>
      <object_component id="oc-160">
         <name>.debug_info</name>
         <load_address>0x0</load_address>
         <run_address>0x0</run_address>
         <size>0xba8</size>
         <input_file_ref idref="fl-2"/>
      </object_component>
      <object_component id="oc-15d">
         <name>.debug_info</name>
         <load_address>0xba8</load_address>
         <run_address>0xba8</run_address>
         <size>0x114</size>
         <input_file_ref idref="fl-2"/>
      </object_component>
      <object_component id="oc-163">
         <name>.debug_info</name>
         <load_address>0xcbc</load_address>
         <run_address>0xcbc</run_address>
         <size>0xaf</size>
         <input_file_ref idref="fl-2"/>
      </object_component>
      <object_component id="oc-5e">
         <name>.debug_info</name>
         <load_address>0xd6b</load_address>
         <run_address>0xd6b</run_address>
         <size>0xa70</size>
         <input_file_ref idref="fl-2"/>
      </object_component>
      <object_component id="oc-223">
         <name>.debug_info</name>
         <load_address>0x17db</load_address>
         <run_address>0x17db</run_address>
         <size>0x86</size>
         <input_file_ref idref="fl-2"/>
      </object_component>
      <object_component id="oc-168">
         <name>.debug_info</name>
         <load_address>0x1861</load_address>
         <run_address>0x1861</run_address>
         <size>0x8b</size>
         <input_file_ref idref="fl-2"/>
      </object_component>
      <object_component id="oc-16f">
         <name>.debug_info</name>
         <load_address>0x18ec</load_address>
         <run_address>0x18ec</run_address>
         <size>0x18b</size>
         <input_file_ref idref="fl-2"/>
      </object_component>
      <object_component id="oc-183">
         <name>.debug_info</name>
         <load_address>0x1a77</load_address>
         <run_address>0x1a77</run_address>
         <size>0x2c</size>
         <input_file_ref idref="fl-2"/>
      </object_component>
      <object_component id="oc-209">
         <name>.debug_info</name>
         <load_address>0x1aa3</load_address>
         <run_address>0x1aa3</run_address>
         <size>0x4e</size>
         <input_file_ref idref="fl-2"/>
      </object_component>
      <object_component id="oc-65">
         <name>.debug_info</name>
         <load_address>0x1af1</load_address>
         <run_address>0x1af1</run_address>
         <size>0x2ce</size>
         <input_file_ref idref="fl-3"/>
      </object_component>
      <object_component id="oc-3c">
         <name>.debug_info</name>
         <load_address>0x1dbf</load_address>
         <run_address>0x1dbf</run_address>
         <size>0xd3</size>
         <input_file_ref idref="fl-3"/>
      </object_component>
      <object_component id="oc-58">
         <name>.debug_info</name>
         <load_address>0x1e92</load_address>
         <run_address>0x1e92</run_address>
         <size>0x24f</size>
         <input_file_ref idref="fl-3"/>
      </object_component>
      <object_component id="oc-6c">
         <name>.debug_info</name>
         <load_address>0x20e1</load_address>
         <run_address>0x20e1</run_address>
         <size>0x84</size>
         <input_file_ref idref="fl-3"/>
      </object_component>
      <object_component id="oc-1da">
         <name>.debug_info</name>
         <load_address>0x2165</load_address>
         <run_address>0x2165</run_address>
         <size>0x30f</size>
         <input_file_ref idref="fl-4"/>
      </object_component>
      <object_component id="oc-1c2">
         <name>.debug_info</name>
         <load_address>0x2474</load_address>
         <run_address>0x2474</run_address>
         <size>0xca</size>
         <input_file_ref idref="fl-4"/>
      </object_component>
      <object_component id="oc-1c5">
         <name>.debug_info</name>
         <load_address>0x253e</load_address>
         <run_address>0x253e</run_address>
         <size>0x114</size>
         <input_file_ref idref="fl-4"/>
      </object_component>
      <object_component id="oc-1c8">
         <name>.debug_info</name>
         <load_address>0x2652</load_address>
         <run_address>0x2652</run_address>
         <size>0xdc</size>
         <input_file_ref idref="fl-4"/>
      </object_component>
      <object_component id="oc-d4">
         <name>.debug_info</name>
         <load_address>0x272e</load_address>
         <run_address>0x272e</run_address>
         <size>0x231c</size>
         <input_file_ref idref="fl-4"/>
      </object_component>
      <object_component id="oc-208">
         <name>.debug_info</name>
         <load_address>0x4a4a</load_address>
         <run_address>0x4a4a</run_address>
         <size>0x3bc</size>
         <input_file_ref idref="fl-5"/>
      </object_component>
      <object_component id="oc-1fa">
         <name>.debug_info</name>
         <load_address>0x4e06</load_address>
         <run_address>0x4e06</run_address>
         <size>0xbf</size>
         <input_file_ref idref="fl-5"/>
      </object_component>
      <object_component id="oc-205">
         <name>.debug_info</name>
         <load_address>0x4ec5</load_address>
         <run_address>0x4ec5</run_address>
         <size>0xb9</size>
         <input_file_ref idref="fl-5"/>
      </object_component>
      <object_component id="oc-1fd">
         <name>.debug_info</name>
         <load_address>0x4f7e</load_address>
         <run_address>0x4f7e</run_address>
         <size>0xc7</size>
         <input_file_ref idref="fl-5"/>
      </object_component>
      <object_component id="oc-1f7">
         <name>.debug_info</name>
         <load_address>0x5045</load_address>
         <run_address>0x5045</run_address>
         <size>0xcb</size>
         <input_file_ref idref="fl-5"/>
      </object_component>
      <object_component id="oc-11b">
         <name>.debug_info</name>
         <load_address>0x5110</load_address>
         <run_address>0x5110</run_address>
         <size>0x768</size>
         <input_file_ref idref="fl-5"/>
      </object_component>
      <object_component id="oc-145">
         <name>.debug_info</name>
         <load_address>0x5878</load_address>
         <run_address>0x5878</run_address>
         <size>0xfc</size>
         <input_file_ref idref="fl-b"/>
      </object_component>
      <object_component id="oc-136">
         <name>.debug_info</name>
         <load_address>0x5974</load_address>
         <run_address>0x5974</run_address>
         <size>0xfc</size>
         <input_file_ref idref="fl-b"/>
      </object_component>
      <object_component id="oc-131">
         <name>.debug_info</name>
         <load_address>0x5a70</load_address>
         <run_address>0x5a70</run_address>
         <size>0x100</size>
         <input_file_ref idref="fl-b"/>
      </object_component>
      <object_component id="oc-127">
         <name>.debug_info</name>
         <load_address>0x5b70</load_address>
         <run_address>0x5b70</run_address>
         <size>0x138</size>
         <input_file_ref idref="fl-b"/>
      </object_component>
      <object_component id="oc-12c">
         <name>.debug_info</name>
         <load_address>0x5ca8</load_address>
         <run_address>0x5ca8</run_address>
         <size>0x138</size>
         <input_file_ref idref="fl-b"/>
      </object_component>
      <object_component id="oc-159">
         <name>.debug_info</name>
         <load_address>0x5de0</load_address>
         <run_address>0x5de0</run_address>
         <size>0x140</size>
         <input_file_ref idref="fl-b"/>
      </object_component>
      <object_component id="oc-1a9">
         <name>.debug_info</name>
         <load_address>0x5f20</load_address>
         <run_address>0x5f20</run_address>
         <size>0x300</size>
         <input_file_ref idref="fl-b"/>
      </object_component>
      <object_component id="oc-21c">
         <name>.debug_info</name>
         <load_address>0x6220</load_address>
         <run_address>0x6220</run_address>
         <size>0x134</size>
         <input_file_ref idref="fl-b"/>
      </object_component>
      <object_component id="oc-1be">
         <name>.debug_info</name>
         <load_address>0x6354</load_address>
         <run_address>0x6354</run_address>
         <size>0x118</size>
         <input_file_ref idref="fl-c"/>
      </object_component>
      <object_component id="oc-1b9">
         <name>.debug_info</name>
         <load_address>0x646c</load_address>
         <run_address>0x646c</run_address>
         <size>0xdc</size>
         <input_file_ref idref="fl-c"/>
      </object_component>
      <object_component id="oc-1b4">
         <name>.debug_info</name>
         <load_address>0x6548</load_address>
         <run_address>0x6548</run_address>
         <size>0x130</size>
         <input_file_ref idref="fl-c"/>
      </object_component>
      <object_component id="oc-c6">
         <name>.debug_info</name>
         <load_address>0x6678</load_address>
         <run_address>0x6678</run_address>
         <size>0x104</size>
         <input_file_ref idref="fl-c"/>
      </object_component>
      <object_component id="oc-122">
         <name>.debug_info</name>
         <load_address>0x677c</load_address>
         <run_address>0x677c</run_address>
         <size>0xf8</size>
         <input_file_ref idref="fl-c"/>
      </object_component>
      <object_component id="oc-c1">
         <name>.debug_info</name>
         <load_address>0x6874</load_address>
         <run_address>0x6874</run_address>
         <size>0x100</size>
         <input_file_ref idref="fl-c"/>
      </object_component>
      <object_component id="oc-d0">
         <name>.debug_info</name>
         <load_address>0x6974</load_address>
         <run_address>0x6974</run_address>
         <size>0xf8</size>
         <input_file_ref idref="fl-c"/>
      </object_component>
      <object_component id="oc-cb">
         <name>.debug_info</name>
         <load_address>0x6a6c</load_address>
         <run_address>0x6a6c</run_address>
         <size>0x110</size>
         <input_file_ref idref="fl-c"/>
      </object_component>
      <object_component id="oc-251">
         <name>.debug_info</name>
         <load_address>0x6b7c</load_address>
         <run_address>0x6b7c</run_address>
         <size>0x204</size>
         <input_file_ref idref="fl-c"/>
      </object_component>
      <object_component id="oc-1dc">
         <name>.debug_info</name>
         <load_address>0x6d80</load_address>
         <run_address>0x6d80</run_address>
         <size>0x170</size>
         <input_file_ref idref="fl-d"/>
      </object_component>
      <object_component id="oc-261">
         <name>.debug_info</name>
         <load_address>0x6ef0</load_address>
         <run_address>0x6ef0</run_address>
         <size>0xe0</size>
         <input_file_ref idref="fl-d"/>
      </object_component>
      <object_component id="oc-ef">
         <name>.debug_info</name>
         <load_address>0x6fd0</load_address>
         <run_address>0x6fd0</run_address>
         <size>0xfc</size>
         <input_file_ref idref="fl-d"/>
      </object_component>
      <object_component id="oc-1cc">
         <name>.debug_info</name>
         <load_address>0x70cc</load_address>
         <run_address>0x70cc</run_address>
         <size>0x128</size>
         <input_file_ref idref="fl-d"/>
      </object_component>
      <object_component id="oc-1d6">
         <name>.debug_info</name>
         <load_address>0x71f4</load_address>
         <run_address>0x71f4</run_address>
         <size>0xf0</size>
         <input_file_ref idref="fl-d"/>
      </object_component>
      <object_component id="oc-db">
         <name>.debug_info</name>
         <load_address>0x72e4</load_address>
         <run_address>0x72e4</run_address>
         <size>0xec</size>
         <input_file_ref idref="fl-d"/>
      </object_component>
      <object_component id="oc-1d1">
         <name>.debug_info</name>
         <load_address>0x73d0</load_address>
         <run_address>0x73d0</run_address>
         <size>0xf0</size>
         <input_file_ref idref="fl-d"/>
      </object_component>
      <object_component id="oc-266">
         <name>.debug_info</name>
         <load_address>0x74c0</load_address>
         <run_address>0x74c0</run_address>
         <size>0x10c</size>
         <input_file_ref idref="fl-d"/>
      </object_component>
      <object_component id="oc-bc">
         <name>.debug_info</name>
         <load_address>0x75cc</load_address>
         <run_address>0x75cc</run_address>
         <size>0xcc</size>
         <input_file_ref idref="fl-e"/>
      </object_component>
      <object_component id="oc-214">
         <name>.debug_info</name>
         <load_address>0x7698</load_address>
         <run_address>0x7698</run_address>
         <size>0x120</size>
         <input_file_ref idref="fl-e"/>
      </object_component>
      <object_component id="oc-1f3">
         <name>.debug_info</name>
         <load_address>0x77b8</load_address>
         <run_address>0x77b8</run_address>
         <size>0x118</size>
         <input_file_ref idref="fl-e"/>
      </object_component>
      <object_component id="oc-b3">
         <name>.debug_info</name>
         <load_address>0x78d0</load_address>
         <run_address>0x78d0</run_address>
         <size>0x108</size>
         <input_file_ref idref="fl-e"/>
      </object_component>
      <object_component id="oc-b8">
         <name>.debug_info</name>
         <load_address>0x79d8</load_address>
         <run_address>0x79d8</run_address>
         <size>0xf8</size>
         <input_file_ref idref="fl-e"/>
      </object_component>
      <object_component id="oc-ae">
         <name>.debug_info</name>
         <load_address>0x7ad0</load_address>
         <run_address>0x7ad0</run_address>
         <size>0xf8</size>
         <input_file_ref idref="fl-e"/>
      </object_component>
      <object_component id="oc-14f">
         <name>.debug_info</name>
         <load_address>0x7bc8</load_address>
         <run_address>0x7bc8</run_address>
         <size>0x118</size>
         <input_file_ref idref="fl-e"/>
      </object_component>
      <object_component id="oc-13b">
         <name>.debug_info</name>
         <load_address>0x7ce0</load_address>
         <run_address>0x7ce0</run_address>
         <size>0x150</size>
         <input_file_ref idref="fl-e"/>
      </object_component>
      <object_component id="oc-1ad">
         <name>.debug_info</name>
         <load_address>0x7e30</load_address>
         <run_address>0x7e30</run_address>
         <size>0x230</size>
         <input_file_ref idref="fl-e"/>
      </object_component>
      <object_component id="oc-14a">
         <name>.debug_info</name>
         <load_address>0x8060</load_address>
         <run_address>0x8060</run_address>
         <size>0xf8</size>
         <input_file_ref idref="fl-f"/>
      </object_component>
      <object_component id="oc-e0">
         <name>.debug_info</name>
         <load_address>0x8158</load_address>
         <run_address>0x8158</run_address>
         <size>0xfc</size>
         <input_file_ref idref="fl-f"/>
      </object_component>
      <object_component id="oc-140">
         <name>.debug_info</name>
         <load_address>0x8254</load_address>
         <run_address>0x8254</run_address>
         <size>0x130</size>
         <input_file_ref idref="fl-f"/>
      </object_component>
      <object_component id="oc-e5">
         <name>.debug_info</name>
         <load_address>0x8384</load_address>
         <run_address>0x8384</run_address>
         <size>0x108</size>
         <input_file_ref idref="fl-f"/>
      </object_component>
      <object_component id="oc-ea">
         <name>.debug_info</name>
         <load_address>0x848c</load_address>
         <run_address>0x848c</run_address>
         <size>0xfc</size>
         <input_file_ref idref="fl-f"/>
      </object_component>
      <object_component id="oc-154">
         <name>.debug_info</name>
         <load_address>0x8588</load_address>
         <run_address>0x8588</run_address>
         <size>0xfc</size>
         <input_file_ref idref="fl-f"/>
      </object_component>
      <object_component id="oc-f4">
         <name>.debug_info</name>
         <load_address>0x8684</load_address>
         <run_address>0x8684</run_address>
         <size>0x100</size>
         <input_file_ref idref="fl-f"/>
      </object_component>
      <object_component id="oc-f9">
         <name>.debug_info</name>
         <load_address>0x8784</load_address>
         <run_address>0x8784</run_address>
         <size>0xd4</size>
         <input_file_ref idref="fl-10"/>
      </object_component>
      <object_component id="oc-117">
         <name>.debug_info</name>
         <load_address>0x8858</load_address>
         <run_address>0x8858</run_address>
         <size>0xf0</size>
         <input_file_ref idref="fl-10"/>
      </object_component>
      <object_component id="oc-fe">
         <name>.debug_info</name>
         <load_address>0x8948</load_address>
         <run_address>0x8948</run_address>
         <size>0xfc</size>
         <input_file_ref idref="fl-10"/>
      </object_component>
      <object_component id="oc-108">
         <name>.debug_info</name>
         <load_address>0x8a44</load_address>
         <run_address>0x8a44</run_address>
         <size>0x10c</size>
         <input_file_ref idref="fl-10"/>
      </object_component>
      <object_component id="oc-10d">
         <name>.debug_info</name>
         <load_address>0x8b50</load_address>
         <run_address>0x8b50</run_address>
         <size>0x11c</size>
         <input_file_ref idref="fl-10"/>
      </object_component>
      <object_component id="oc-112">
         <name>.debug_info</name>
         <load_address>0x8c6c</load_address>
         <run_address>0x8c6c</run_address>
         <size>0x198</size>
         <input_file_ref idref="fl-10"/>
      </object_component>
      <object_component id="oc-103">
         <name>.debug_info</name>
         <load_address>0x8e04</load_address>
         <run_address>0x8e04</run_address>
         <size>0x128</size>
         <input_file_ref idref="fl-10"/>
      </object_component>
      <object_component id="oc-269">
         <name>.debug_info</name>
         <load_address>0x8f2c</load_address>
         <run_address>0x8f2c</run_address>
         <size>0x13c</size>
         <input_file_ref idref="fl-10"/>
      </object_component>
      <object_component id="oc-1ec">
         <name>.debug_info</name>
         <load_address>0x9068</load_address>
         <run_address>0x9068</run_address>
         <size>0xc8</size>
         <input_file_ref idref="fl-10"/>
      </object_component>
      <object_component id="oc-1e2">
         <name>.debug_info</name>
         <load_address>0x9130</load_address>
         <run_address>0x9130</run_address>
         <size>0x128</size>
         <input_file_ref idref="fl-11"/>
      </object_component>
      <object_component id="oc-53">
         <name>.debug_info</name>
         <load_address>0x9258</load_address>
         <run_address>0x9258</run_address>
         <size>0x160</size>
         <input_file_ref idref="fl-c7"/>
      </object_component>
      <object_component id="oc-179">
         <name>.debug_info</name>
         <load_address>0x93b8</load_address>
         <run_address>0x93b8</run_address>
         <size>0x293</size>
         <input_file_ref idref="fl-c8"/>
      </object_component>
      <object_component id="oc-3f">
         <name>.debug_info</name>
         <load_address>0x964b</load_address>
         <run_address>0x964b</run_address>
         <size>0x245</size>
         <input_file_ref idref="fl-c8"/>
      </object_component>
      <object_component id="oc-67">
         <name>.debug_info</name>
         <load_address>0x9890</load_address>
         <run_address>0x9890</run_address>
         <size>0x60</size>
         <input_file_ref idref="fl-c8"/>
      </object_component>
      <object_component id="oc-174">
         <name>.debug_info</name>
         <load_address>0x98f0</load_address>
         <run_address>0x98f0</run_address>
         <size>0x46</size>
         <input_file_ref idref="fl-c8"/>
      </object_component>
      <object_component id="oc-7c">
         <name>.debug_info</name>
         <load_address>0x9936</load_address>
         <run_address>0x9936</run_address>
         <size>0x2da</size>
         <input_file_ref idref="fl-c9"/>
      </object_component>
      <object_component id="oc-45">
         <name>.debug_info</name>
         <load_address>0x9c10</load_address>
         <run_address>0x9c10</run_address>
         <size>0x1df</size>
         <input_file_ref idref="fl-c9"/>
      </object_component>
      <object_component id="oc-77">
         <name>.debug_info</name>
         <load_address>0x9def</load_address>
         <run_address>0x9def</run_address>
         <size>0x46</size>
         <input_file_ref idref="fl-c9"/>
      </object_component>
      <object_component id="oc-17b">
         <name>.debug_info</name>
         <load_address>0x9e35</load_address>
         <run_address>0x9e35</run_address>
         <size>0x2c</size>
         <input_file_ref idref="fl-c9"/>
      </object_component>
      <object_component id="oc-88">
         <name>.debug_info</name>
         <load_address>0x9e61</load_address>
         <run_address>0x9e61</run_address>
         <size>0x2c9</size>
         <input_file_ref idref="fl-ca"/>
      </object_component>
      <object_component id="oc-4b">
         <name>.debug_info</name>
         <load_address>0xa12a</load_address>
         <run_address>0xa12a</run_address>
         <size>0x1aa</size>
         <input_file_ref idref="fl-ca"/>
      </object_component>
      <object_component id="oc-83">
         <name>.debug_info</name>
         <load_address>0xa2d4</load_address>
         <run_address>0xa2d4</run_address>
         <size>0x46</size>
         <input_file_ref idref="fl-ca"/>
      </object_component>
      <object_component id="oc-1a3">
         <name>.debug_info</name>
         <load_address>0xa31a</load_address>
         <run_address>0xa31a</run_address>
         <size>0x3ce</size>
         <input_file_ref idref="fl-cb"/>
      </object_component>
      <object_component id="oc-19d">
         <name>.debug_info</name>
         <load_address>0xa6e8</load_address>
         <run_address>0xa6e8</run_address>
         <size>0x185</size>
         <input_file_ref idref="fl-cb"/>
      </object_component>
      <object_component id="oc-a3">
         <name>.debug_info</name>
         <load_address>0xa86d</load_address>
         <run_address>0xa86d</run_address>
         <size>0x214</size>
         <input_file_ref idref="fl-cb"/>
      </object_component>
      <object_component id="oc-72">
         <name>.debug_info</name>
         <load_address>0xaa81</load_address>
         <run_address>0xaa81</run_address>
         <size>0x111</size>
         <input_file_ref idref="fl-cc"/>
      </object_component>
      <object_component id="oc-7e">
         <name>.debug_info</name>
         <load_address>0xab92</load_address>
         <run_address>0xab92</run_address>
         <size>0x13f</size>
         <input_file_ref idref="fl-cd"/>
      </object_component>
      <object_component id="oc-8a">
         <name>.debug_info</name>
         <load_address>0xacd1</load_address>
         <run_address>0xacd1</run_address>
         <size>0x138</size>
         <input_file_ref idref="fl-ce"/>
      </object_component>
      <object_component id="oc-90">
         <name>.debug_info</name>
         <load_address>0xae09</load_address>
         <run_address>0xae09</run_address>
         <size>0x148</size>
         <input_file_ref idref="fl-cf"/>
      </object_component>
      <object_component id="oc-a8">
         <name>.debug_info</name>
         <load_address>0xaf51</load_address>
         <run_address>0xaf51</run_address>
         <size>0x109</size>
         <input_file_ref idref="fl-d0"/>
      </object_component>
      <object_component id="oc-201">
         <name>.debug_info</name>
         <load_address>0xb05a</load_address>
         <run_address>0xb05a</run_address>
         <size>0x13a</size>
         <input_file_ref idref="fl-d1"/>
      </object_component>
      <object_component id="oc-24c">
         <name>.debug_info</name>
         <load_address>0xb194</load_address>
         <run_address>0xb194</run_address>
         <size>0x2be</size>
         <input_file_ref idref="fl-d2"/>
      </object_component>
      <object_component id="oc-1a0">
         <name>.debug_info</name>
         <load_address>0xb452</load_address>
         <run_address>0xb452</run_address>
         <size>0x113</size>
         <input_file_ref idref="fl-d2"/>
      </object_component>
      <object_component id="oc-245">
         <name>.debug_info</name>
         <load_address>0xb565</load_address>
         <run_address>0xb565</run_address>
         <size>0x21f</size>
         <input_file_ref idref="fl-d2"/>
      </object_component>
      <object_component id="oc-19b">
         <name>.debug_info</name>
         <load_address>0xb784</load_address>
         <run_address>0xb784</run_address>
         <size>0x300</size>
         <input_file_ref idref="fl-d3"/>
      </object_component>
      <object_component id="oc-9c">
         <name>.debug_info</name>
         <load_address>0xba84</load_address>
         <run_address>0xba84</run_address>
         <size>0x167</size>
         <input_file_ref idref="fl-d3"/>
      </object_component>
      <object_component id="oc-23d">
         <name>.debug_info</name>
         <load_address>0xbbeb</load_address>
         <run_address>0xbbeb</run_address>
         <size>0x5e</size>
         <input_file_ref idref="fl-d3"/>
      </object_component>
      <object_component id="oc-199">
         <name>.debug_info</name>
         <load_address>0xbc49</load_address>
         <run_address>0xbc49</run_address>
         <size>0x483</size>
         <input_file_ref idref="fl-d4"/>
      </object_component>
      <object_component id="oc-96">
         <name>.debug_info</name>
         <load_address>0xc0cc</load_address>
         <run_address>0xc0cc</run_address>
         <size>0x190</size>
         <input_file_ref idref="fl-d4"/>
      </object_component>
      <object_component id="oc-231">
         <name>.debug_info</name>
         <load_address>0xc25c</load_address>
         <run_address>0xc25c</run_address>
         <size>0x39</size>
         <input_file_ref idref="fl-d4"/>
      </object_component>
      <object_component id="oc-286">
         <name>.debug_info</name>
         <load_address>0xc295</load_address>
         <run_address>0xc295</run_address>
         <size>0x39</size>
         <input_file_ref idref="fl-d4"/>
      </object_component>
      <object_component id="oc-236">
         <name>.debug_info</name>
         <load_address>0xc2ce</load_address>
         <run_address>0xc2ce</run_address>
         <size>0xcd</size>
         <input_file_ref idref="fl-d4"/>
      </object_component>
      <object_component id="oc-22d">
         <name>.debug_info</name>
         <load_address>0xc39b</load_address>
         <run_address>0xc39b</run_address>
         <size>0x37a</size>
         <input_file_ref idref="fl-d5"/>
      </object_component>
      <object_component id="oc-18d">
         <name>.debug_info</name>
         <load_address>0xc715</load_address>
         <run_address>0xc715</run_address>
         <size>0x183</size>
         <input_file_ref idref="fl-d5"/>
      </object_component>
      <object_component id="oc-281">
         <name>.debug_info</name>
         <load_address>0xc898</load_address>
         <run_address>0xc898</run_address>
         <size>0x2c</size>
         <input_file_ref idref="fl-d5"/>
      </object_component>
      <object_component id="oc-274">
         <name>.debug_info</name>
         <load_address>0xc8c4</load_address>
         <run_address>0xc8c4</run_address>
         <size>0x147</size>
         <input_file_ref idref="fl-d6"/>
      </object_component>
      <object_component id="oc-193">
         <name>.debug_info</name>
         <load_address>0xca0b</load_address>
         <run_address>0xca0b</run_address>
         <size>0x145</size>
         <input_file_ref idref="fl-d7"/>
      </object_component>
      <object_component id="oc-300">
         <name>.debug_info</name>
         <load_address>0xcb50</load_address>
         <run_address>0xcb50</run_address>
         <size>0x346</size>
      </object_component>
      <object_component id="oc-222">
         <name>.debug_line</name>
         <load_address>0x0</load_address>
         <run_address>0x0</run_address>
         <size>0x1e5</size>
         <input_file_ref idref="fl-2"/>
      </object_component>
      <object_component id="oc-220">
         <name>.debug_line</name>
         <load_address>0x1e5</load_address>
         <run_address>0x1e5</run_address>
         <size>0x2d</size>
         <input_file_ref idref="fl-2"/>
      </object_component>
      <object_component id="oc-229">
         <name>.debug_line</name>
         <load_address>0x212</load_address>
         <run_address>0x212</run_address>
         <size>0x2d</size>
         <input_file_ref idref="fl-2"/>
      </object_component>
      <object_component id="oc-61">
         <name>.debug_line</name>
         <load_address>0x23f</load_address>
         <run_address>0x23f</run_address>
         <size>0x188</size>
         <input_file_ref idref="fl-2"/>
      </object_component>
      <object_component id="oc-226">
         <name>.debug_line</name>
         <load_address>0x3c7</load_address>
         <run_address>0x3c7</run_address>
         <size>0x56</size>
         <input_file_ref idref="fl-2"/>
      </object_component>
      <object_component id="oc-16b">
         <name>.debug_line</name>
         <load_address>0x41d</load_address>
         <run_address>0x41d</run_address>
         <size>0x20</size>
         <input_file_ref idref="fl-2"/>
      </object_component>
      <object_component id="oc-172">
         <name>.debug_line</name>
         <load_address>0x43d</load_address>
         <run_address>0x43d</run_address>
         <size>0x65</size>
         <input_file_ref idref="fl-2"/>
      </object_component>
      <object_component id="oc-186">
         <name>.debug_line</name>
         <load_address>0x4a2</load_address>
         <run_address>0x4a2</run_address>
         <size>0x65</size>
         <input_file_ref idref="fl-2"/>
      </object_component>
      <object_component id="oc-20c">
         <name>.debug_line</name>
         <load_address>0x507</load_address>
         <run_address>0x507</run_address>
         <size>0x65</size>
         <input_file_ref idref="fl-2"/>
      </object_component>
      <object_component id="oc-16e">
         <name>.debug_line</name>
         <load_address>0x56c</load_address>
         <run_address>0x56c</run_address>
         <size>0x41</size>
         <input_file_ref idref="fl-3"/>
      </object_component>
      <object_component id="oc-64">
         <name>.debug_line</name>
         <load_address>0x5ad</load_address>
         <run_address>0x5ad</run_address>
         <size>0x41</size>
         <input_file_ref idref="fl-3"/>
      </object_component>
      <object_component id="oc-5b">
         <name>.debug_line</name>
         <load_address>0x5ee</load_address>
         <run_address>0x5ee</run_address>
         <size>0xa1</size>
         <input_file_ref idref="fl-3"/>
      </object_component>
      <object_component id="oc-6f">
         <name>.debug_line</name>
         <load_address>0x68f</load_address>
         <run_address>0x68f</run_address>
         <size>0x20</size>
         <input_file_ref idref="fl-3"/>
      </object_component>
      <object_component id="oc-265">
         <name>.debug_line</name>
         <load_address>0x6af</load_address>
         <run_address>0x6af</run_address>
         <size>0x5b</size>
         <input_file_ref idref="fl-4"/>
      </object_component>
      <object_component id="oc-257">
         <name>.debug_line</name>
         <load_address>0x70a</load_address>
         <run_address>0x70a</run_address>
         <size>0x2d</size>
         <input_file_ref idref="fl-4"/>
      </object_component>
      <object_component id="oc-259">
         <name>.debug_line</name>
         <load_address>0x737</load_address>
         <run_address>0x737</run_address>
         <size>0x2d</size>
         <input_file_ref idref="fl-4"/>
      </object_component>
      <object_component id="oc-25b">
         <name>.debug_line</name>
         <load_address>0x764</load_address>
         <run_address>0x764</run_address>
         <size>0x2d</size>
         <input_file_ref idref="fl-4"/>
      </object_component>
      <object_component id="oc-d7">
         <name>.debug_line</name>
         <load_address>0x791</load_address>
         <run_address>0x791</run_address>
         <size>0x5ac</size>
         <input_file_ref idref="fl-4"/>
      </object_component>
      <object_component id="oc-27e">
         <name>.debug_line</name>
         <load_address>0xd3d</load_address>
         <run_address>0xd3d</run_address>
         <size>0x8e</size>
         <input_file_ref idref="fl-5"/>
      </object_component>
      <object_component id="oc-270">
         <name>.debug_line</name>
         <load_address>0xdcb</load_address>
         <run_address>0xdcb</run_address>
         <size>0x32</size>
         <input_file_ref idref="fl-5"/>
      </object_component>
      <object_component id="oc-27c">
         <name>.debug_line</name>
         <load_address>0xdfd</load_address>
         <run_address>0xdfd</run_address>
         <size>0x32</size>
         <input_file_ref idref="fl-5"/>
      </object_component>
      <object_component id="oc-272">
         <name>.debug_line</name>
         <load_address>0xe2f</load_address>
         <run_address>0xe2f</run_address>
         <size>0x32</size>
         <input_file_ref idref="fl-5"/>
      </object_component>
      <object_component id="oc-26e">
         <name>.debug_line</name>
         <load_address>0xe61</load_address>
         <run_address>0xe61</run_address>
         <size>0x32</size>
         <input_file_ref idref="fl-5"/>
      </object_component>
      <object_component id="oc-11e">
         <name>.debug_line</name>
         <load_address>0xe93</load_address>
         <run_address>0xe93</run_address>
         <size>0x283</size>
         <input_file_ref idref="fl-5"/>
      </object_component>
      <object_component id="oc-147">
         <name>.debug_line</name>
         <load_address>0x1116</load_address>
         <run_address>0x1116</run_address>
         <size>0x44</size>
         <input_file_ref idref="fl-b"/>
      </object_component>
      <object_component id="oc-138">
         <name>.debug_line</name>
         <load_address>0x115a</load_address>
         <run_address>0x115a</run_address>
         <size>0x40</size>
         <input_file_ref idref="fl-b"/>
      </object_component>
      <object_component id="oc-133">
         <name>.debug_line</name>
         <load_address>0x119a</load_address>
         <run_address>0x119a</run_address>
         <size>0x40</size>
         <input_file_ref idref="fl-b"/>
      </object_component>
      <object_component id="oc-129">
         <name>.debug_line</name>
         <load_address>0x11da</load_address>
         <run_address>0x11da</run_address>
         <size>0x6c</size>
         <input_file_ref idref="fl-b"/>
      </object_component>
      <object_component id="oc-12e">
         <name>.debug_line</name>
         <load_address>0x1246</load_address>
         <run_address>0x1246</run_address>
         <size>0x94</size>
         <input_file_ref idref="fl-b"/>
      </object_component>
      <object_component id="oc-15b">
         <name>.debug_line</name>
         <load_address>0x12da</load_address>
         <run_address>0x12da</run_address>
         <size>0x6c</size>
         <input_file_ref idref="fl-b"/>
      </object_component>
      <object_component id="oc-1ab">
         <name>.debug_line</name>
         <load_address>0x1346</load_address>
         <run_address>0x1346</run_address>
         <size>0x54</size>
         <input_file_ref idref="fl-b"/>
      </object_component>
      <object_component id="oc-21e">
         <name>.debug_line</name>
         <load_address>0x139a</load_address>
         <run_address>0x139a</run_address>
         <size>0x108</size>
         <input_file_ref idref="fl-b"/>
      </object_component>
      <object_component id="oc-1ba">
         <name>.debug_line</name>
         <load_address>0x14a2</load_address>
         <run_address>0x14a2</run_address>
         <size>0x64</size>
         <input_file_ref idref="fl-c"/>
      </object_component>
      <object_component id="oc-1b6">
         <name>.debug_line</name>
         <load_address>0x1506</load_address>
         <run_address>0x1506</run_address>
         <size>0x168</size>
         <input_file_ref idref="fl-c"/>
      </object_component>
      <object_component id="oc-c8">
         <name>.debug_line</name>
         <load_address>0x166e</load_address>
         <run_address>0x166e</run_address>
         <size>0x40</size>
         <input_file_ref idref="fl-c"/>
      </object_component>
      <object_component id="oc-124">
         <name>.debug_line</name>
         <load_address>0x16ae</load_address>
         <run_address>0x16ae</run_address>
         <size>0x4c</size>
         <input_file_ref idref="fl-c"/>
      </object_component>
      <object_component id="oc-c3">
         <name>.debug_line</name>
         <load_address>0x16fa</load_address>
         <run_address>0x16fa</run_address>
         <size>0x4c</size>
         <input_file_ref idref="fl-c"/>
      </object_component>
      <object_component id="oc-d2">
         <name>.debug_line</name>
         <load_address>0x1746</load_address>
         <run_address>0x1746</run_address>
         <size>0x4c</size>
         <input_file_ref idref="fl-c"/>
      </object_component>
      <object_component id="oc-cd">
         <name>.debug_line</name>
         <load_address>0x1792</load_address>
         <run_address>0x1792</run_address>
         <size>0x5c</size>
         <input_file_ref idref="fl-c"/>
      </object_component>
      <object_component id="oc-254">
         <name>.debug_line</name>
         <load_address>0x17ee</load_address>
         <run_address>0x17ee</run_address>
         <size>0x108</size>
         <input_file_ref idref="fl-c"/>
      </object_component>
      <object_component id="oc-262">
         <name>.debug_line</name>
         <load_address>0x18f6</load_address>
         <run_address>0x18f6</run_address>
         <size>0x40</size>
         <input_file_ref idref="fl-d"/>
      </object_component>
      <object_component id="oc-f1">
         <name>.debug_line</name>
         <load_address>0x1936</load_address>
         <run_address>0x1936</run_address>
         <size>0x48</size>
         <input_file_ref idref="fl-d"/>
      </object_component>
      <object_component id="oc-1ce">
         <name>.debug_line</name>
         <load_address>0x197e</load_address>
         <run_address>0x197e</run_address>
         <size>0x7c</size>
         <input_file_ref idref="fl-d"/>
      </object_component>
      <object_component id="oc-1d8">
         <name>.debug_line</name>
         <load_address>0x19fa</load_address>
         <run_address>0x19fa</run_address>
         <size>0x48</size>
         <input_file_ref idref="fl-d"/>
      </object_component>
      <object_component id="oc-dd">
         <name>.debug_line</name>
         <load_address>0x1a42</load_address>
         <run_address>0x1a42</run_address>
         <size>0xac</size>
         <input_file_ref idref="fl-d"/>
      </object_component>
      <object_component id="oc-1d3">
         <name>.debug_line</name>
         <load_address>0x1aee</load_address>
         <run_address>0x1aee</run_address>
         <size>0xac</size>
         <input_file_ref idref="fl-d"/>
      </object_component>
      <object_component id="oc-268">
         <name>.debug_line</name>
         <load_address>0x1b9a</load_address>
         <run_address>0x1b9a</run_address>
         <size>0xe8</size>
         <input_file_ref idref="fl-d"/>
      </object_component>
      <object_component id="oc-bd">
         <name>.debug_line</name>
         <load_address>0x1c82</load_address>
         <run_address>0x1c82</run_address>
         <size>0x3c</size>
         <input_file_ref idref="fl-e"/>
      </object_component>
      <object_component id="oc-1f5">
         <name>.debug_line</name>
         <load_address>0x1cbe</load_address>
         <run_address>0x1cbe</run_address>
         <size>0x44</size>
         <input_file_ref idref="fl-e"/>
      </object_component>
      <object_component id="oc-b5">
         <name>.debug_line</name>
         <load_address>0x1d02</load_address>
         <run_address>0x1d02</run_address>
         <size>0x68</size>
         <input_file_ref idref="fl-e"/>
      </object_component>
      <object_component id="oc-ba">
         <name>.debug_line</name>
         <load_address>0x1d6a</load_address>
         <run_address>0x1d6a</run_address>
         <size>0x44</size>
         <input_file_ref idref="fl-e"/>
      </object_component>
      <object_component id="oc-b0">
         <name>.debug_line</name>
         <load_address>0x1dae</load_address>
         <run_address>0x1dae</run_address>
         <size>0x44</size>
         <input_file_ref idref="fl-e"/>
      </object_component>
      <object_component id="oc-151">
         <name>.debug_line</name>
         <load_address>0x1df2</load_address>
         <run_address>0x1df2</run_address>
         <size>0x154</size>
         <input_file_ref idref="fl-e"/>
      </object_component>
      <object_component id="oc-13d">
         <name>.debug_line</name>
         <load_address>0x1f46</load_address>
         <run_address>0x1f46</run_address>
         <size>0x14c</size>
         <input_file_ref idref="fl-e"/>
      </object_component>
      <object_component id="oc-1af">
         <name>.debug_line</name>
         <load_address>0x2092</load_address>
         <run_address>0x2092</run_address>
         <size>0x120</size>
         <input_file_ref idref="fl-e"/>
      </object_component>
      <object_component id="oc-14c">
         <name>.debug_line</name>
         <load_address>0x21b2</load_address>
         <run_address>0x21b2</run_address>
         <size>0x44</size>
         <input_file_ref idref="fl-f"/>
      </object_component>
      <object_component id="oc-e2">
         <name>.debug_line</name>
         <load_address>0x21f6</load_address>
         <run_address>0x21f6</run_address>
         <size>0x80</size>
         <input_file_ref idref="fl-f"/>
      </object_component>
      <object_component id="oc-142">
         <name>.debug_line</name>
         <load_address>0x2276</load_address>
         <run_address>0x2276</run_address>
         <size>0x7c</size>
         <input_file_ref idref="fl-f"/>
      </object_component>
      <object_component id="oc-e7">
         <name>.debug_line</name>
         <load_address>0x22f2</load_address>
         <run_address>0x22f2</run_address>
         <size>0x58</size>
         <input_file_ref idref="fl-f"/>
      </object_component>
      <object_component id="oc-ec">
         <name>.debug_line</name>
         <load_address>0x234a</load_address>
         <run_address>0x234a</run_address>
         <size>0x44</size>
         <input_file_ref idref="fl-f"/>
      </object_component>
      <object_component id="oc-156">
         <name>.debug_line</name>
         <load_address>0x238e</load_address>
         <run_address>0x238e</run_address>
         <size>0x40</size>
         <input_file_ref idref="fl-f"/>
      </object_component>
      <object_component id="oc-f6">
         <name>.debug_line</name>
         <load_address>0x23ce</load_address>
         <run_address>0x23ce</run_address>
         <size>0x40</size>
         <input_file_ref idref="fl-f"/>
      </object_component>
      <object_component id="oc-fb">
         <name>.debug_line</name>
         <load_address>0x240e</load_address>
         <run_address>0x240e</run_address>
         <size>0x44</size>
         <input_file_ref idref="fl-10"/>
      </object_component>
      <object_component id="oc-119">
         <name>.debug_line</name>
         <load_address>0x2452</load_address>
         <run_address>0x2452</run_address>
         <size>0x40</size>
         <input_file_ref idref="fl-10"/>
      </object_component>
      <object_component id="oc-100">
         <name>.debug_line</name>
         <load_address>0x2492</load_address>
         <run_address>0x2492</run_address>
         <size>0x40</size>
         <input_file_ref idref="fl-10"/>
      </object_component>
      <object_component id="oc-10a">
         <name>.debug_line</name>
         <load_address>0x24d2</load_address>
         <run_address>0x24d2</run_address>
         <size>0x7c</size>
         <input_file_ref idref="fl-10"/>
      </object_component>
      <object_component id="oc-10f">
         <name>.debug_line</name>
         <load_address>0x254e</load_address>
         <run_address>0x254e</run_address>
         <size>0x4c</size>
         <input_file_ref idref="fl-10"/>
      </object_component>
      <object_component id="oc-114">
         <name>.debug_line</name>
         <load_address>0x259a</load_address>
         <run_address>0x259a</run_address>
         <size>0xc0</size>
         <input_file_ref idref="fl-10"/>
      </object_component>
      <object_component id="oc-105">
         <name>.debug_line</name>
         <load_address>0x265a</load_address>
         <run_address>0x265a</run_address>
         <size>0x50</size>
         <input_file_ref idref="fl-10"/>
      </object_component>
      <object_component id="oc-26b">
         <name>.debug_line</name>
         <load_address>0x26aa</load_address>
         <run_address>0x26aa</run_address>
         <size>0x38</size>
         <input_file_ref idref="fl-10"/>
      </object_component>
      <object_component id="oc-1ee">
         <name>.debug_line</name>
         <load_address>0x26e2</load_address>
         <run_address>0x26e2</run_address>
         <size>0xe4</size>
         <input_file_ref idref="fl-10"/>
      </object_component>
      <object_component id="oc-1e3">
         <name>.debug_line</name>
         <load_address>0x27c6</load_address>
         <run_address>0x27c6</run_address>
         <size>0x50</size>
         <input_file_ref idref="fl-11"/>
      </object_component>
      <object_component id="oc-52">
         <name>.debug_line</name>
         <load_address>0x2816</load_address>
         <run_address>0x2816</run_address>
         <size>0x53</size>
         <input_file_ref idref="fl-c7"/>
      </object_component>
      <object_component id="oc-22b">
         <name>.debug_line</name>
         <load_address>0x2869</load_address>
         <run_address>0x2869</run_address>
         <size>0x20</size>
         <input_file_ref idref="fl-c8"/>
      </object_component>
      <object_component id="oc-42">
         <name>.debug_line</name>
         <load_address>0x2889</load_address>
         <run_address>0x2889</run_address>
         <size>0xa9</size>
         <input_file_ref idref="fl-c8"/>
      </object_component>
      <object_component id="oc-6a">
         <name>.debug_line</name>
         <load_address>0x2932</load_address>
         <run_address>0x2932</run_address>
         <size>0x3a</size>
         <input_file_ref idref="fl-c8"/>
      </object_component>
      <object_component id="oc-177">
         <name>.debug_line</name>
         <load_address>0x296c</load_address>
         <run_address>0x296c</run_address>
         <size>0x8a</size>
         <input_file_ref idref="fl-c8"/>
      </object_component>
      <object_component id="oc-181">
         <name>.debug_line</name>
         <load_address>0x29f6</load_address>
         <run_address>0x29f6</run_address>
         <size>0x8a</size>
         <input_file_ref idref="fl-c9"/>
      </object_component>
      <object_component id="oc-48">
         <name>.debug_line</name>
         <load_address>0x2a80</load_address>
         <run_address>0x2a80</run_address>
         <size>0x55</size>
         <input_file_ref idref="fl-c9"/>
      </object_component>
      <object_component id="oc-7a">
         <name>.debug_line</name>
         <load_address>0x2ad5</load_address>
         <run_address>0x2ad5</run_address>
         <size>0x3a</size>
         <input_file_ref idref="fl-c9"/>
      </object_component>
      <object_component id="oc-17e">
         <name>.debug_line</name>
         <load_address>0x2b0f</load_address>
         <run_address>0x2b0f</run_address>
         <size>0x8a</size>
         <input_file_ref idref="fl-c9"/>
      </object_component>
      <object_component id="oc-189">
         <name>.debug_line</name>
         <load_address>0x2b99</load_address>
         <run_address>0x2b99</run_address>
         <size>0x8a</size>
         <input_file_ref idref="fl-ca"/>
      </object_component>
      <object_component id="oc-4e">
         <name>.debug_line</name>
         <load_address>0x2c23</load_address>
         <run_address>0x2c23</run_address>
         <size>0x4f</size>
         <input_file_ref idref="fl-ca"/>
      </object_component>
      <object_component id="oc-86">
         <name>.debug_line</name>
         <load_address>0x2c72</load_address>
         <run_address>0x2c72</run_address>
         <size>0x34</size>
         <input_file_ref idref="fl-ca"/>
      </object_component>
      <object_component id="oc-24f">
         <name>.debug_line</name>
         <load_address>0x2ca6</load_address>
         <run_address>0x2ca6</run_address>
         <size>0xf2</size>
         <input_file_ref idref="fl-cb"/>
      </object_component>
      <object_component id="oc-243">
         <name>.debug_line</name>
         <load_address>0x2d98</load_address>
         <run_address>0x2d98</run_address>
         <size>0x2a</size>
         <input_file_ref idref="fl-cb"/>
      </object_component>
      <object_component id="oc-a2">
         <name>.debug_line</name>
         <load_address>0x2dc2</load_address>
         <run_address>0x2dc2</run_address>
         <size>0x86</size>
         <input_file_ref idref="fl-cb"/>
      </object_component>
      <object_component id="oc-75">
         <name>.debug_line</name>
         <load_address>0x2e48</load_address>
         <run_address>0x2e48</run_address>
         <size>0x88</size>
[...]
         <value>0x423</value>
         <object_component_ref idref="oc-d3"/>
      </symbol>
      <symbol id="sm-174">
         <name>UART9BitDisable</name>
         <value>0x80b</value>
         <object_component_ref idref="oc-d3"/>
      </symbol>
      <symbol id="sm-175">
         <name>UARTFIFOLevelGet</name>
         <value>0x315</value>
         <object_component_ref idref="oc-d3"/>
      </symbol>
      <symbol id="sm-176">
         <name>UARTBusy</name>
         <value>0x6c5</value>
         <object_component_ref idref="oc-d3"/>
      </symbol>
      <symbol id="sm-177">
         <name>UARTDisableSIR</name>
         <value>0x4a7</value>
         <object_component_ref idref="oc-d3"/>
      </symbol>
      <symbol id="sm-178">
         <name>UARTLoopbackEnable</name>
         <value>0x88f</value>
         <object_component_ref idref="oc-d3"/>
      </symbol>
      <symbol id="sm-179">
         <name>UARTIntEnable</name>
         <value>0x71f</value>
         <object_component_ref idref="oc-d3"/>
      </symbol>
      <symbol id="sm-17a">
         <name>UARTCharsAvail</name>
         <value>0x5eb</value>
         <object_component_ref idref="oc-d3"/>
      </symbol>
      <symbol id="sm-17b">
         <name>UARTCharGetNonBlocking</name>
         <value>0x627</value>
         <object_component_ref idref="oc-d3"/>
      </symbol>
      <symbol id="sm-17c">
         <name>UARTClockSourceSet</name>
         <value>0x7d1</value>
         <object_component_ref idref="oc-d3"/>
      </symbol>
      <symbol id="sm-17d">
         <name>UARTTxIntModeGet</name>
         <value>0x5d9</value>
         <object_component_ref idref="oc-d3"/>
      </symbol>
      <symbol id="sm-17e">
         <name>UARTModemStatusGet</name>
         <value>0x57b</value>
         <object_component_ref idref="oc-d3"/>
      </symbol>
      <symbol id="sm-17f">
         <name>UARTIntDisable</name>
         <value>0x737</value>
         <object_component_ref idref="oc-d3"/>
      </symbol>
      <symbol id="sm-180">
         <name>UARTCharPut</name>
         <value>0x67d</value>
         <object_component_ref idref="oc-d3"/>
      </symbol>
      <symbol id="sm-181">
         <name>UARTParityModeSet</name>
         <value>0x2cf</value>
         <object_component_ref idref="oc-d3"/>
      </symbol>
      <symbol id="sm-182">
         <name>UARTRxErrorGet</name>
         <value>0x7af</value>
         <object_component_ref idref="oc-d3"/>
      </symbol>
      <symbol id="sm-183">
         <name>UARTConfigGetExpClk</name>
         <value>0x3b3</value>
         <object_component_ref idref="oc-d3"/>
      </symbol>
      <symbol id="sm-184">
         <name>UARTEnableSIR</name>
         <value>0x479</value>
         <object_component_ref idref="oc-d3"/>
      </symbol>
      <symbol id="sm-185">
         <name>UARTEnable</name>
         <value>0x3ff</value>
         <object_component_ref idref="oc-d3"/>
      </symbol>
      <symbol id="sm-186">
         <name>UART9BitAddrSend</name>
         <value>0x847</value>
         <object_component_ref idref="oc-d3"/>
      </symbol>
      <symbol id="sm-187">
         <name>UARTModemControlGet</name>
         <value>0x569</value>
         <object_component_ref idref="oc-d3"/>
      </symbol>
      <symbol id="sm-188">
         <name>UARTSmartCardEnable</name>
         <value>0x4bd</value>
         <object_component_ref idref="oc-d3"/>
      </symbol>
      <symbol id="sm-189">
         <name>UARTFlowControlGet</name>
         <value>0x5ab</value>
         <object_component_ref idref="oc-d3"/>
      </symbol>
      <symbol id="sm-18a">
         <name>UARTFIFOEnable</name>
         <value>0x44d</value>
         <object_component_ref idref="oc-d3"/>
      </symbol>
      <symbol id="sm-18b">
         <name>UARTIntClear</name>
         <value>0x76d</value>
         <object_component_ref idref="oc-d3"/>
      </symbol>
      <symbol id="sm-18c">
         <name>UARTIntStatus</name>
         <value>0x74f</value>
         <object_component_ref idref="oc-d3"/>
      </symbol>
      <symbol id="sm-18d">
         <name>UARTDMADisable</name>
         <value>0x797</value>
         <object_component_ref idref="oc-d3"/>
      </symbol>
      <symbol id="sm-18e">
         <name>UART9BitEnable</name>
         <value>0x7f5</value>
         <object_component_ref idref="oc-d3"/>
      </symbol>
      <symbol id="sm-18f">
         <name>UARTSpaceAvail</name>
         <value>0x609</value>
         <object_component_ref idref="oc-d3"/>
      </symbol>
      <symbol id="sm-190">
         <name>UARTCharGet</name>
         <value>0x643</value>
         <object_component_ref idref="oc-d3"/>
      </symbol>
      <symbol id="sm-191">
         <name>UARTFIFOLevelSet</name>
         <value>0x2fd</value>
         <object_component_ref idref="oc-d3"/>
      </symbol>
      <symbol id="sm-192">
         <name>UARTModemControlClear</name>
         <value>0x545</value>
         <object_component_ref idref="oc-d3"/>
      </symbol>
      <symbol id="sm-193">
         <name>UARTParityModeGet</name>
         <value>0x2eb</value>
         <object_component_ref idref="oc-d3"/>
      </symbol>
      <symbol id="sm-194">
         <name>UARTIntRegister</name>
         <value>0x6e3</value>
         <object_component_ref idref="oc-d3"/>
      </symbol>
      <symbol id="sm-195">
         <name>UARTBreakCtl</name>
         <value>0x69b</value>
         <object_component_ref idref="oc-d3"/>
      </symbol>
      <symbol id="sm-196">
         <name>UART9BitAddrSet</name>
         <value>0x821</value>
         <object_component_ref idref="oc-d3"/>
      </symbol>
      <symbol id="sm-205">
         <name>UARTgetc</name>
         <value>0x9eb</value>
         <object_component_ref idref="oc-11a"/>
      </symbol>
      <symbol id="sm-206">
         <name>UARTgets</name>
         <value>0x931</value>
         <object_component_ref idref="oc-11a"/>
      </symbol>
      <symbol id="sm-207">
         <name>UARTStdioConfig</name>
         <value>0x8a5</value>
         <object_component_ref idref="oc-11a"/>
      </symbol>
      <symbol id="sm-208">
         <name>UARTwrite</name>
         <value>0x8eb</value>
         <object_component_ref idref="oc-11a"/>
      </symbol>
      <symbol id="sm-209">
         <name>UARTprintf</name>
         <value>0xd0b</value>
         <object_component_ref idref="oc-11a"/>
      </symbol>
      <symbol id="sm-20a">
         <name>UARTvprintf</name>
         <value>0xa11</value>
         <object_component_ref idref="oc-11a"/>
      </symbol>
      <symbol id="sm-236">
         <name>ADCIntClear</name>
         <value>0x256d</value>
         <object_component_ref idref="oc-134"/>
      </symbol>
      <symbol id="sm-237">
         <name>ADCIntEnable</name>
         <value>0x26a5</value>
         <object_component_ref idref="oc-143"/>
      </symbol>
      <symbol id="sm-238">
         <name>ADCSequenceConfigure</name>
         <value>0x22a9</value>
         <object_component_ref idref="oc-125"/>
      </symbol>
      <symbol id="sm-239">
         <name>ADCSequenceDataGet</name>
         <value>0x2681</value>
         <object_component_ref idref="oc-157"/>
      </symbol>
      <symbol id="sm-23a">
         <name>ADCSequenceEnable</name>
         <value>0x252b</value>
         <object_component_ref idref="oc-12f"/>
      </symbol>
      <symbol id="sm-23b">
         <name>ADCSequenceStepConfigure</name>
         <value>0x20c5</value>
         <object_component_ref idref="oc-12a"/>
      </symbol>
      <symbol id="sm-277">
         <name>GPIODirModeSet</name>
         <value>0x242b</value>
         <object_component_ref idref="oc-1b7"/>
      </symbol>
      <symbol id="sm-278">
         <name>GPIOPadConfigSet</name>
         <value>0x1e6d</value>
         <object_component_ref idref="oc-1b2"/>
      </symbol>
      <symbol id="sm-279">
         <name>GPIOPinConfigure</name>
         <value>0x23b9</value>
         <object_component_ref idref="oc-c9"/>
      </symbol>
      <symbol id="sm-27a">
         <name>GPIOPinTypeADC</name>
         <value>0x249d</value>
         <object_component_ref idref="oc-120"/>
      </symbol>
      <symbol id="sm-27b">
         <name>GPIOPinTypeGPIOOutput</name>
         <value>0x24b9</value>
         <object_component_ref idref="oc-bf"/>
      </symbol>
      <symbol id="sm-27c">
         <name>GPIOPinTypeUART</name>
         <value>0x24d5</value>
         <object_component_ref idref="oc-ce"/>
      </symbol>
      <symbol id="sm-27d">
         <name>GPIOPinWrite</name>
         <value>0x2577</value>
         <object_component_ref idref="oc-c4"/>
      </symbol>
      <symbol id="sm-2b7">
         <name>IntDisable</name>
         <value>0x21e1</value>
         <object_component_ref idref="oc-1cf"/>
      </symbol>
      <symbol id="sm-2b8">
         <name>IntEnable</name>
         <value>0x2245</value>
         <object_component_ref idref="oc-d9"/>
      </symbol>
      <symbol id="sm-2b9">
         <name>IntMasterEnable</name>
         <value>0x2539</value>
         <object_component_ref idref="oc-ed"/>
      </symbol>
      <symbol id="sm-2ba">
         <name>IntRegister</name>
         <value>0x1bc5</value>
         <object_component_ref idref="oc-1ca"/>
      </symbol>
      <symbol id="sm-2bb">
         <name>IntUnregister</name>
         <value>0x24f1</value>
         <object_component_ref idref="oc-1d4"/>
      </symbol>
      <symbol id="sm-304">
         <name>SysCtlDelay</name>
         <value>0x2425</value>
         <object_component_ref idref="oc-bb"/>
      </symbol>
      <symbol id="sm-305">
         <name>SysCtlClockGet</name>
         <value>0x19b9</value>
         <object_component_ref idref="oc-139"/>
      </symbol>
      <symbol id="sm-306">
         <name>SysCtlClockSet</name>
         <value>0x1fa5</value>
         <object_component_ref idref="oc-14d"/>
      </symbol>
      <symbol id="sm-307">
         <name>SysCtlPeripheralDisable</name>
         <value>0x2659</value>
         <object_component_ref idref="oc-ac"/>
      </symbol>
      <symbol id="sm-308">
         <name>SysCtlPeripheralEnable</name>
         <value>0x2455</value>
         <object_component_ref idref="oc-b6"/>
      </symbol>
      <symbol id="sm-309">
         <name>SysCtlPeripheralPresent</name>
         <value>0x2601</value>
         <object_component_ref idref="oc-1f1"/>
      </symbol>
      <symbol id="sm-30a">
         <name>SysCtlPeripheralReset</name>
         <value>0x25c5</value>
         <object_component_ref idref="oc-b1"/>
      </symbol>
      <symbol id="sm-345">
         <name>TimerConfigure</name>
         <value>0x2309</value>
         <object_component_ref idref="oc-de"/>
      </symbol>
      <symbol id="sm-346">
         <name>TimerControlTrigger</name>
         <value>0x2369</value>
         <object_component_ref idref="oc-13e"/>
      </symbol>
      <symbol id="sm-347">
         <name>TimerDMAEventSet</name>
         <value>0x26b5</value>
         <object_component_ref idref="oc-f2"/>
      </symbol>
      <symbol id="sm-348">
         <name>TimerEnable</name>
         <value>0x2547</value>
         <object_component_ref idref="oc-148"/>
      </symbol>
      <symbol id="sm-349">
         <name>TimerIntClear</name>
         <value>0x26b9</value>
         <object_component_ref idref="oc-152"/>
      </symbol>
      <symbol id="sm-34a">
         <name>TimerIntEnable</name>
         <value>0x1bf9</value>
         <object_component_ref idref="oc-e8"/>
      </symbol>
      <symbol id="sm-34b">
         <name>TimerLoadSet</name>
         <value>0x2519</value>
         <object_component_ref idref="oc-e3"/>
      </symbol>
      <symbol id="sm-389">
         <name>uDMAChannelAssign</name>
         <value>0x262d</value>
         <object_component_ref idref="oc-101"/>
      </symbol>
      <symbol id="sm-38a">
         <name>uDMAChannelAttributeDisable</name>
         <value>0x257d</value>
         <object_component_ref idref="oc-106"/>
      </symbol>
      <symbol id="sm-38b">
         <name>uDMAChannelControlSet</name>
         <value>0x247d</value>
         <object_component_ref idref="oc-10b"/>
      </symbol>
      <symbol id="sm-38c">
         <name>uDMAChannelEnable</name>
         <value>0x2505</value>
         <object_component_ref idref="oc-115"/>
      </symbol>
      <symbol id="sm-38d">
         <name>uDMAChannelTransferSet</name>
         <value>0x2161</value>
         <object_component_ref idref="oc-110"/>
      </symbol>
      <symbol id="sm-38e">
         <name>uDMAControlBaseSet</name>
         <value>0x2555</value>
         <object_component_ref idref="oc-fc"/>
      </symbol>
      <symbol id="sm-38f">
         <name>uDMAEnable</name>
         <value>0x2561</value>
         <object_component_ref idref="oc-f7"/>
      </symbol>
      <symbol id="sm-39d">
         <name>CPUcpsid</name>
         <value>0x23fd</value>
         <object_component_ref idref="oc-1e1"/>
      </symbol>
      <symbol id="sm-39e">
         <name>CPUprimask</name>
         <value>0x2405</value>
         <object_component_ref idref="oc-1e1"/>
      </symbol>
      <symbol id="sm-39f">
         <name>CPUcpsie</name>
         <value>0x240b</value>
         <object_component_ref idref="oc-1e1"/>
      </symbol>
      <symbol id="sm-3a0">
         <name>CPUwfi</name>
         <value>0x2413</value>
         <object_component_ref idref="oc-1e1"/>
      </symbol>
      <symbol id="sm-3a1">
         <name>CPUbasepriSet</name>
         <value>0x2417</value>
         <object_component_ref idref="oc-1e1"/>
      </symbol>
      <symbol id="sm-3a2">
         <name>CPUbasepriGet</name>
         <value>0x241d</value>
         <object_component_ref idref="oc-1e1"/>
      </symbol>
      <symbol id="sm-3b3">
         <name>_c_int00</name>
         <value>0x1259</value>
         <object_component_ref idref="oc-50"/>
      </symbol>
      <symbol id="sm-3b4">
         <name>__stack</name>
         <value>0x20000724</value>
         <object_component_ref idref="oc-56"/>
      </symbol>
      <symbol id="sm-3d2">
         <name>__TI_decompress_lzss</name>
         <value>0x11f1</value>
         <object_component_ref idref="oc-3e"/>
      </symbol>
      <symbol id="sm-3e9">
         <name>__TI_decompress_none</name>
         <value>0x13b9</value>
         <object_component_ref idref="oc-44"/>
      </symbol>
      <symbol id="sm-3fb">
         <name>__TI_zero_init</name>
         <value>0x13c7</value>
         <object_component_ref idref="oc-4a"/>
      </symbol>
      <symbol id="sm-41c">
         <name>C$$EXIT</name>
         <value>0x12ad</value>
         <object_component_ref idref="oc-a1"/>
      </symbol>
      <symbol id="sm-41d">
         <name>abort</name>
         <value>0x12b1</value>
         <object_component_ref idref="oc-a1"/>
      </symbol>
      <symbol id="sm-41e">
         <name>exit</name>
         <value>0x12b9</value>
         <object_component_ref idref="oc-a1"/>
      </symbol>
      <symbol id="sm-41f">
         <name>__TI_dtors_ptr</name>
         <value>0x200009a8</value>
         <object_component_ref idref="oc-19c"/>
      </symbol>
      <symbol id="sm-420">
         <name>__TI_cleanup_ptr</name>
         <value>0x200009a4</value>
         <object_component_ref idref="oc-19c"/>
      </symbol>
      <symbol id="sm-421">
         <name>__TI_enable_exit_profile_output</name>
         <value>0x200009ac</value>
         <object_component_ref idref="oc-19c"/>
      </symbol>
      <symbol id="sm-43c">
         <name>memcpy</name>
         <value>0x1069</value>
         <object_component_ref idref="oc-71"/>
      </symbol>
      <symbol id="sm-43d">
         <name>__aeabi_memcpy</name>
         <value>0x1069</value>
         <object_component_ref idref="oc-71"/>
      </symbol>
      <symbol id="sm-43e">
         <name>__aeabi_memcpy8</name>
         <value>0x1069</value>
         <object_component_ref idref="oc-71"/>
      </symbol>
      <symbol id="sm-43f">
         <name>__aeabi_memcpy4</name>
         <value>0x1069</value>
         <object_component_ref idref="oc-71"/>
      </symbol>
      <symbol id="sm-44e">
         <name>__aeabi_memset</name>
         <value>0x1107</value>
         <object_component_ref idref="oc-7d"/>
      </symbol>
      <symbol id="sm-44f">
         <name>memset</name>
         <value>0x110d</value>
         <object_component_ref idref="oc-7d"/>
      </symbol>
      <symbol id="sm-450">
         <name>__aeabi_memset8</name>
         <value>0x1107</value>
         <object_component_ref idref="oc-7d"/>
      </symbol>
      <symbol id="sm-451">
         <name>__aeabi_memset4</name>
         <value>0x1107</value>
         <object_component_ref idref="oc-7d"/>
      </symbol>
      <symbol id="sm-452">
         <name>__aeabi_memclr8</name>
         <value>0x1105</value>
         <object_component_ref idref="oc-7d"/>
      </symbol>
      <symbol id="sm-453">
         <name>__aeabi_memclr4</name>
         <value>0x1105</value>
         <object_component_ref idref="oc-7d"/>
      </symbol>
      <symbol id="sm-454">
         <name>__aeabi_memclr</name>
         <value>0x1105</value>
         <object_component_ref idref="oc-7d"/>
      </symbol>
      <symbol id="sm-45e">
         <name>__mpu_init</name>
         <value>0x13e3</value>
         <object_component_ref idref="oc-89"/>
      </symbol>
      <symbol id="sm-468">
         <name>_system_pre_init</name>
         <value>0x13df</value>
         <object_component_ref idref="oc-8f"/>
      </symbol>
      <symbol id="sm-470">
         <name>main_func_sp</name>
         <value>0x200009cc</value>
         <object_component_ref idref="oc-a7"/>
      </symbol>
      <symbol id="sm-47f">
         <name>__aeabi_uidivmod</name>
         <value>0x134d</value>
         <object_component_ref idref="oc-1ff"/>
      </symbol>
      <symbol id="sm-480">
         <name>__aeabi_uidiv</name>
         <value>0x134d</value>
         <object_component_ref idref="oc-1ff"/>
      </symbol>
      <symbol id="sm-499">
         <name>_nop</name>
         <value>0x13b3</value>
         <object_component_ref idref="oc-244"/>
      </symbol>
      <symbol id="sm-49a">
         <name>_lock</name>
         <value>0x200009bc</value>
         <object_component_ref idref="oc-19f"/>
      </symbol>
      <symbol id="sm-49b">
         <name>_unlock</name>
         <value>0x200009c0</value>
         <object_component_ref idref="oc-19f"/>
      </symbol>
      <symbol id="sm-49c">
         <name>_register_lock</name>
         <value>0x13ab</value>
         <object_component_ref idref="oc-244"/>
      </symbol>
      <symbol id="sm-49d">
         <name>_register_unlock</name>
         <value>0x13a5</value>
         <object_component_ref idref="oc-244"/>
      </symbol>
      <symbol id="sm-4b1">
         <name>_args_main</name>
         <value>0x138d</value>
         <object_component_ref idref="oc-9b"/>
      </symbol>
      <symbol id="sm-4db">
         <name>__TI_auto_init</name>
         <value>0x1181</value>
         <object_component_ref idref="oc-95"/>
      </symbol>
      <symbol id="sm-4f5">
         <name>copy_in</name>
         <value>0x1301</value>
         <object_component_ref idref="oc-18c"/>
      </symbol>
      <symbol id="sm-4ff">
         <name>__aeabi_idiv0</name>
         <value>0x117f</value>
         <object_component_ref idref="oc-273"/>
      </symbol>
      <symbol id="sm-509">
         <name>_system_post_cinit</name>
         <value>0x13e5</value>
         <object_component_ref idref="oc-192"/>
      </symbol>
      <symbol id="sm-50a">
         <name>__TI_static_base__</name>
         <value>0x0</value>
      </symbol>
      <symbol id="sm-510">
         <name>SHT$$INIT_ARRAY$$Limit</name>
         <value>0x0</value>
      </symbol>
      <symbol id="sm-511">
         <name>SHT$$INIT_ARRAY$$Base</name>
         <value>0x0</value>
      </symbol>
   </symbol_table>
   <title>Link successful</title>
</link_info>
