******************************************************************************
                  TI ARM Linker PC v16.9.4                     
******************************************************************************
>> Linked Wed Jun 06 12:45:54 2018

OUTPUT FILE NAME:   <imped.out>
ENTRY POINT SYMBOL: "_c_int00"  address: 00000c21


MEMORY CONFIGURATION

         name            origin    length      used     unused   attr    fill
----------------------  --------  ---------  --------  --------  ----  --------
  FLASH                 00000000   00040000  00001e5e  0003e1a2  R  X
  SRAM                  20000000   00008000  000006a8  00007958  RW X


SEGMENT ALLOCATION MAP

run origin  load origin   length   init length attrs members
----------  ----------- ---------- ----------- ----- -------
00000000    00000000    00001e68   00001e68    r-x
  00000000    00000000    0000026c   0000026c    r-- .intvecs
  0000026c    0000026c    00000ba4   00000ba4    r-x .text
  00000e10    00000e10    00000588   00000588    r-- .constdata
  00001398    00001398    00000154   00000154    r-x i.SysCtlClockGet
  000014ec    000014ec    00000138   00000138    r-x i.GPIOPadConfigSet
  00001624    00001624    00000120   00000120    r-x i.SysCtlClockSet
  00001744    00001744    0000009a   0000009a    r-x i.ADCSequenceStepConfigure
  000017e0    000017e0    00000080   00000080    r-x i.uDMAChannelTransferSet
  00001860    00001860    0000006e   0000006e    r-x i.UARTConfigSetExpClk
  000018d0    000018d0    00000064   00000064    r-x i.IntEnable
  00001934    00001934    00000060   00000060    r-x i.ADCSequenceConfigure
  00001994    00001994    00000060   00000060    r-x i.TimerConfigure
  000019f4    000019f4    00000044   00000044    r-x i.GPIOPinConfigure
  00001a38    00001a38    00000030   00000030    r-- .const
  00001a68    00001a68    0000002e   0000002e    r-x .emb_text
  00001a96    00001a96    00000028   00000028    r-x i.GPIODirModeSet
  00001ac0    00001ac0    00000028   00000028    r-x i.SysCtlPeripheralEnable
  00001ae8    00001ae8    00000020   00000020    r-x i.uDMAChannelControlSet
  00001b08    00001b08    0000001c   0000001c    r-x i.GPIOPinTypeADC
  00001b24    00001b24    0000001c   0000001c    r-x i.GPIOPinTypeGPIOOutput
  00001b40    00001b40    0000001c   0000001c    r-x i.GPIOPinTypeUART
  00001b5c    00001b5c    00000014   00000014    r-x i.uDMAChannelEnable
  00001b70    00001b70    00000012   00000012    r-x i.TimerLoadSet
  00001b82    00001b82    0000000e   0000000e    r-x i.ADCSequenceEnable
  00001b90    00001b90    0000000e   0000000e    r-x i.IntMasterEnable
  00001b9e    00001b9e    0000000e   0000000e    r-x i.TimerEnable
  00001bac    00001bac    0000000c   0000000c    r-x i.UARTCharPut
  00001bb8    00001bb8    0000000c   0000000c    r-x i.uDMAControlBaseSet
  00001bc4    00001bc4    0000000c   0000000c    r-x i.uDMAEnable
  00001bd0    00001bd0    0000000a   0000000a    r-x i.ADCIntClear
  00001bda    00001bda    00000008   00000008    r-x i.TimerIntEnable
  00001be2    00001be2    00000008   00000008    r-x i.UARTIntEnable
  00001bea    00001bea    00000006   00000006    r-x i.GPIOPinWrite
  00001bf0    00001bf0    00000006   00000006    r-x i.UARTClockSourceSet
  00001bf8    00001bf8    00000048   00000048    r-x i.uDMAChannelAttributeDisable
  00001c40    00001c40    0000003c   0000003c    r-x i.SysCtlPeripheralReset
  00001c7c    00001c7c    00000034   00000034    r-x i.ADCIntStatus
  00001cb0    00001cb0    0000002c   0000002c    r-x i.SysCtlPeripheralPresent
  00001cdc    00001cdc    0000002c   0000002c    r-x i.uDMAChannelAssign
  00001d08    00001d08    00000028   00000028    r-x i.SysCtlPeripheralDisable
  00001d30    00001d30    00000024   00000024    r-x i.ADCSequenceDataGet
  00001d54    00001d54    0000001a   0000001a    r-x i.ADCProcessorTrigger
  00001d6e    00001d6e    00000014   00000014    r-x i.UARTEnable
  00001d82    00001d82    0000000c   0000000c    r-x i.UARTCharGet
  00001d8e    00001d8e    00000004   00000004    r-x i.TimerDMAEventSet
  00001d92    00001d92    00000004   00000004    r-x i.TimerIntClear
  00001d98    00001d98    000000d0   000000d0    r-- .cinit
20000000    20000000    000006a8   00000000    rw-
  20000000    20000000    00000400   00000000    rw- .bss
  20000400    20000400    00000200   00000000    rw- .stack
  20000600    20000600    000000a8   00000000    rw- .data


SECTION ALLOCATION MAP

 output                                  attributes/
section   page    origin      length       input sections
--------  ----  ----------  ----------   ----------------
.intvecs   0    00000000    0000026c     
                  00000000    0000026c     tm4c123gh6pm_startup_ccs.obj (.intvecs)

.text      0    0000026c    00000ba4     
                  0000026c    0000049c     uartstdio.obj (.text)
                  00000708    00000328     main.obj (.text)
                  00000a30    0000009c     rtsv7M4_T_le_v4SPD16_eabi.lib : memcpy_t2.obj (.text)
                  00000acc    0000007a                                   : memset_t2.obj (.text)
                  00000b46    00000002                                   : i_div0.obj (.text)
                  00000b48    00000070                                   : autoinit.obj (.text)
                  00000bb8    00000068                                   : copy_decompress_lzss.obj (.text:decompress:lzss)
                  00000c20    00000054                                   : boot.obj (.text)
                  00000c74    00000054                                   : exit.obj (.text)
                  00000cc8    0000004c                                   : cpy_tbl.obj (.text)
                  00000d14    00000040                                   : u_divt2.obj (.text)
                  00000d54    00000018                                   : args_main.obj (.text)
                  00000d6c    00000014                                   : _lock.obj (.text)
                  00000d80    0000000e                                   : copy_decompress_none.obj (.text:decompress:none)
                  00000d8e    0000000c                                   : copy_zero_init.obj (.text:decompress:ZI)
                  00000d9a    0000000c     tm4c123gh6pm_startup_ccs.obj (.text)
                  00000da6    00000004     rtsv7M4_T_le_v4SPD16_eabi.lib : pre_init.obj (.text)
                  00000daa    00000002                                   : mpu_init.obj (.text)
                  00000dac    00000002                                   : startup.obj (.text)
                  00000dae    00000002     --HOLE-- [fill = 0]
                  00000db0    00000008     driverlib.lib : timer.o (.tramp.TimerIntClear.1)
                  00000db8    00000008                   : adc.o (.tramp.ADCSequenceDataGet.1)
                  00000dc0    00000008                   : adc.o (.tramp.ADCIntStatus.1)
                  00000dc8    00000008                   : adc.o (.tramp.ADCProcessorTrigger.1)
                  00000dd0    00000008                   : udma.o (.tramp.uDMAChannelAttributeDisable.1)
                  00000dd8    00000008                   : udma.o (.tramp.uDMAChannelAssign.1)
                  00000de0    00000008                   : timer.o (.tramp.TimerDMAEventSet.1)
                  00000de8    00000008                   : sysctl.o (.tramp.SysCtlPeripheralReset.1)
                  00000df0    00000008                   : sysctl.o (.tramp.SysCtlPeripheralDisable.1)
                  00000df8    00000008                   : uart.o (.tramp.UARTCharGet.1)
                  00000e00    00000008                   : uart.o (.tramp.UARTEnable.1)
                  00000e08    00000008                   : sysctl.o (.tramp.SysCtlPeripheralPresent.1)

.constdata 
*          0    00000e10    00000588     
                  00000e10    00000254     driverlib.lib : sysctl.o (.constdata)
                  00001064    00000228                   : gpio.o (.constdata)
                  0000128c    0000010c                   : interrupt.o (.constdata)

i.SysCtlClockGet 
*          0    00001398    00000154     
                  00001398    00000154     driverlib.lib : sysctl.o (i.SysCtlClockGet)

i.GPIOPadConfigSet 
*          0    000014ec    00000138     
                  000014ec    00000138     driverlib.lib : gpio.o (i.GPIOPadConfigSet)

i.SysCtlClockSet 
*          0    00001624    00000120     
                  00001624    00000120     driverlib.lib : sysctl.o (i.SysCtlClockSet)

i.ADCSequenceStepConfigure 
*          0    00001744    0000009a     
                  00001744    0000009a     driverlib.lib : adc.o (i.ADCSequenceStepConfigure)

i.uDMAChannelTransferSet 
*          0    000017e0    00000080     
                  000017e0    00000080     driverlib.lib : udma.o (i.uDMAChannelTransferSet)

i.UARTConfigSetExpClk 
*          0    00001860    0000006e     
                  00001860    0000006e     driverlib.lib : uart.o (i.UARTConfigSetExpClk)

i.IntEnable 
*          0    000018d0    00000064     
                  000018d0    00000064     driverlib.lib : interrupt.o (i.IntEnable)

i.ADCSequenceConfigure 
*          0    00001934    00000060     
                  00001934    00000060     driverlib.lib : adc.o (i.ADCSequenceConfigure)

i.TimerConfigure 
*          0    00001994    00000060     
                  00001994    00000060     driverlib.lib : timer.o (i.TimerConfigure)

i.GPIOPinConfigure 
*          0    000019f4    00000044     
                  000019f4    00000044     driverlib.lib : gpio.o (i.GPIOPinConfigure)

.const     0    00001a38    00000030     
                  00001a38    00000012     uartstdio.obj (.const:.string)
                  00001a4a    00000002     --HOLE-- [fill = 0]
                  00001a4c    0000000c     uartstdio.obj (.const:g_ui32UARTBase)
                  00001a58    0000000c     uartstdio.obj (.const:g_ui32UARTPeriph)
                  00001a64    00000004     uartstdio.obj (.const)

.emb_text 
*          0    00001a68    0000002e     
                  00001a68    00000026     driverlib.lib : cpu.o (.emb_text)
                  00001a8e    00000002     --HOLE-- [fill = 0]
                  00001a90    00000006                   : sysctl.o (.emb_text)

i.GPIODirModeSet 
*          0    00001a96    00000028     
                  00001a96    00000028     driverlib.lib : gpio.o (i.GPIODirModeSet)

i.SysCtlPeripheralEnable 
*          0    00001ac0    00000028     
                  00001ac0    00000028     driverlib.lib : sysctl.o (i.SysCtlPeripheralEnable)

i.uDMAChannelControlSet 
*          0    00001ae8    00000020     
                  00001ae8    00000020     driverlib.lib : udma.o (i.uDMAChannelControlSet)

i.GPIOPinTypeADC 
*          0    00001b08    0000001c     
                  00001b08    0000001c     driverlib.lib : gpio.o (i.GPIOPinTypeADC)

i.GPIOPinTypeGPIOOutput 
*          0    00001b24    0000001c     
                  00001b24    0000001c     driverlib.lib : gpio.o (i.GPIOPinTypeGPIOOutput)

i.GPIOPinTypeUART 
*          0    00001b40    0000001c     
                  00001b40    0000001c     driverlib.lib : gpio.o (i.GPIOPinTypeUART)

i.uDMAChannelEnable 
*          0    00001b5c    00000014     
                  00001b5c    00000014     driverlib.lib : udma.o (i.uDMAChannelEnable)

i.TimerLoadSet 
*          0    00001b70    00000012     
                  00001b70    00000012     driverlib.lib : timer.o (i.TimerLoadSet)

i.ADCSequenceEnable 
*          0    00001b82    0000000e     
                  00001b82    0000000e     driverlib.lib : adc.o (i.ADCSequenceEnable)

i.IntMasterEnable 
*          0    00001b90    0000000e     
                  00001b90    0000000e     driverlib.lib : interrupt.o (i.IntMasterEnable)

i.ADCIntClear 
*          0    00001bd0    0000000a     
                  00001bd0    0000000a     driverlib.lib : adc.o (i.ADCIntClear)

i.GPIOPinWrite 
*          0    00001bea    00000006     
                  00001bea    00000006     driverlib.lib : gpio.o (i.GPIOPinWrite)

.cinit     0    00001d98    000000d0     
                  00001d98    000000a5     (.cinit..data.load) [load image, compression = lzss]
                  00001e3d    00000003     --HOLE-- [fill = 0]
                  00001e40    0000000c     (__TI_handler_table)
                  00001e4c    00000004     --HOLE-- [fill = 0]
                  00001e50    00000008     (.cinit..bss.load) [load image, compression = zero_init]
                  00001e58    00000010     (__TI_cinit_table)

.init_array 
*          0    00000000    00000000     UNINITIALIZED

i.TimerEnable 
*          0    00001b9e    0000000e     
                  00001b9e    0000000e     driverlib.lib : timer.o (i.TimerEnable)

i.UARTCharPut 
*          0    00001bac    0000000c     
                  00001bac    0000000c     driverlib.lib : uart.o (i.UARTCharPut)

i.uDMAControlBaseSet 
*          0    00001bb8    0000000c     
                  00001bb8    0000000c     driverlib.lib : udma.o (i.uDMAControlBaseSet)

i.uDMAEnable 
*          0    00001bc4    0000000c     
                  00001bc4    0000000c     driverlib.lib : udma.o (i.uDMAEnable)

i.TimerIntEnable 
*          0    00001bda    00000008     
                  00001bda    00000008     driverlib.lib : timer.o (i.TimerIntEnable)

i.UARTIntEnable 
*          0    00001be2    00000008     
                  00001be2    00000008     driverlib.lib : uart.o (i.UARTIntEnable)

i.UARTClockSourceSet 
*          0    00001bf0    00000006     
                  00001bf0    00000006     driverlib.lib : uart.o (i.UARTClockSourceSet)

i.uDMAChannelAttributeDisable 
*          0    00001bf8    00000048     
                  00001bf8    00000048     driverlib.lib : udma.o (i.uDMAChannelAttributeDisable)

i.SysCtlPeripheralReset 
*          0    00001c40    0000003c     
                  00001c40    0000003c     driverlib.lib : sysctl.o (i.SysCtlPeripheralReset)

i.ADCIntStatus 
*          0    00001c7c    00000034     
                  00001c7c    00000034     driverlib.lib : adc.o (i.ADCIntStatus)

i.SysCtlPeripheralPresent 
*          0    00001cb0    0000002c     
                  00001cb0    0000002c     driverlib.lib : sysctl.o (i.SysCtlPeripheralPresent)

i.uDMAChannelAssign 
*          0    00001cdc    0000002c     
                  00001cdc    0000002c     driverlib.lib : udma.o (i.uDMAChannelAssign)

i.SysCtlPeripheralDisable 
*          0    00001d08    00000028     
                  00001d08    00000028     driverlib.lib : sysctl.o (i.SysCtlPeripheralDisable)

i.ADCSequenceDataGet 
*          0    00001d30    00000024     
                  00001d30    00000024     driverlib.lib : adc.o (i.ADCSequenceDataGet)

i.ADCProcessorTrigger 
*          0    00001d54    0000001a     
                  00001d54    0000001a     driverlib.lib : adc.o (i.ADCProcessorTrigger)

i.UARTEnable 
*          0    00001d6e    00000014     
                  00001d6e    00000014     driverlib.lib : uart.o (i.UARTEnable)

i.UARTCharGet 
*          0    00001d82    0000000c     
                  00001d82    0000000c     driverlib.lib : uart.o (i.UARTCharGet)

i.TimerDMAEventSet 
*          0    00001d8e    00000004     
                  00001d8e    00000004     driverlib.lib : timer.o (i.TimerDMAEventSet)

i.TimerIntClear 
*          0    00001d92    00000004     
                  00001d92    00000004     driverlib.lib : timer.o (i.TimerIntClear)

.bss       0    20000000    00000400     UNINITIALIZED
                  20000000    00000400     (.common:uDMA_table)

.stack     0    20000400    00000200     UNINITIALIZED
                  20000400    00000200     --HOLE--

.data      0    20000600    000000a8     UNINITIALIZED
                  20000600    00000080     main.obj (.data:seno)
                  20000680    0000000c     rtsv7M4_T_le_v4SPD16_eabi.lib : exit.obj (.data:$O1$$)
                  2000068c    00000008                                   : _lock.obj (.data:$O1$$)
                  20000694    00000008     main.obj (.data)
                  2000069c    00000005     uartstdio.obj (.data)
                  200006a1    00000003     --HOLE--
                  200006a4    00000004     rtsv7M4_T_le_v4SPD16_eabi.lib : stkdepth_vars.obj (.data)

MODULE SUMMARY

       Module                         code   ro data   rw data
       ------                         ----   -------   -------
    .\
       main.obj                       808    0         1160   
       uartstdio.obj                  1180   46        5      
       tm4c123gh6pm_startup_ccs.obj   12     620       0      
    +--+------------------------------+------+---------+---------+
       Total:                         2000   666       1165   
                                                              
    C:/ti/TivaWare_C_Series-2.1.4.178/driverlib/rvmdk/driverlib.lib
       sysctl.o                       842    596       0      
       gpio.o                         510    552       0      
       adc.o                          412    0         0      
       interrupt.o                    114    268       0      
       udma.o                         336    0         0      
       uart.o                         184    0         0      
       timer.o                        160    0         0      
       cpu.o                          38     0         0      
    +--+------------------------------+------+---------+---------+
       Total:                         2596   1416      0      
                                                              
    D:\Programas\CCS\ccsv7\tools\compiler\ti-cgt-arm_16.9.4.LTS\lib\rtsv7M4_T_le_v4SPD16_eabi.lib
       memcpy_t2.obj                  156    0         0      
       memset_t2.obj                  122    0         0      
       autoinit.obj                   112    0         0      
       copy_decompress_lzss.obj       104    0         0      
       exit.obj                       84     0         12     
       boot.obj                       84     0         0      
       cpy_tbl.obj                    76     0         0      
       u_divt2.obj                    64     0         0      
       _lock.obj                      20     0         8      
       args_main.obj                  24     0         0      
       copy_decompress_none.obj       14     0         0      
       copy_zero_init.obj             12     0         0      
       pre_init.obj                   4      0         0      
       stkdepth_vars.obj              0      0         4      
       i_div0.obj                     2      0         0      
       mpu_init.obj                   2      0         0      
       startup.obj                    2      0         0      
    +--+------------------------------+------+---------+---------+
       Total:                         882    0         24     
                                                              
       Stack:                         0      0         512    
       Linker Generated:              0      201       0      
    +--+------------------------------+------+---------+---------+
       Grand Total:                   5478   2283      1701   


LINKER GENERATED COPY TABLES

__TI_cinit_table @ 00001e58 records: 2, size/record: 8, table size: 16
	.data: load addr=00001d98, load size=000000a5 bytes, run addr=20000600, run size=000000a8 bytes, compression=lzss
	.bss: load addr=00001e50, load size=00000008 bytes, run addr=20000000, run size=00000400 bytes, compression=zero_init


LINKER GENERATED HANDLER TABLE

__TI_handler_table @ 00001e40 records: 3, size/record: 4, table size: 12
	index: 0, handler: __TI_decompress_lzss
	index: 1, handler: __TI_decompress_none
	index: 2, handler: __TI_zero_init


FAR CALL TRAMPOLINES

callee name               trampoline name
   callee addr  tramp addr   call addr  call info
--------------  -----------  ---------  ----------------
TimerIntClear             $Tramp$TT$S$$TimerIntClear
   00001d93     00000db0     00000954   main.obj (.text)
ADCSequenceDataGet        $Tramp$TT$S$$ADCSequenceDataGet
   00001d31     00000db8     00000932   main.obj (.text)
ADCIntStatus              $Tramp$TT$S$$ADCIntStatus
   00001c7d     00000dc0     0000091c   main.obj (.text)
ADCProcessorTrigger       $Tramp$TT$S$$ADCProcessorTrigger
   00001d55     00000dc8     00000912   main.obj (.text)
uDMAChannelAttributeDisable  $Tramp$TT$S$$uDMAChannelAttributeDisable
   00001bf9     00000dd0     0000080c   main.obj (.text)
uDMAChannelAssign         $Tramp$TT$S$$uDMAChannelAssign
   00001cdd     00000dd8     00000804   main.obj (.text)
TimerDMAEventSet          $Tramp$TT$S$$TimerDMAEventSet
   00001d8f     00000de0     000007d8   main.obj (.text)
SysCtlPeripheralReset     $Tramp$TT$S$$SysCtlPeripheralReset
   00001c41     00000de8     00000712   main.obj (.text)
                             0000078c   main.obj (.text)
                             000007e8   main.obj (.text)
SysCtlPeripheralDisable   $Tramp$TT$S$$SysCtlPeripheralDisable
   00001d09     00000df0     0000070c   main.obj (.text)
                             00000786   main.obj (.text)
                             000007e2   main.obj (.text)
UARTCharGet               $Tramp$TT$S$$UARTCharGet
   00001d83     00000df8     00000310   uartstdio.obj (.text)
                             000003b8   uartstdio.obj (.text)
UARTEnable                $Tramp$TT$S$$UARTEnable
   00001d6f     00000e00     000002ac   uartstdio.obj (.text)
SysCtlPeripheralPresent   $Tramp$TT$S$$SysCtlPeripheralPresent
   00001cb1     00000e08     0000027c   uartstdio.obj (.text)

[12 trampolines]
[17 trampoline calls]


GLOBAL SYMBOLS: SORTED ALPHABETICALLY BY Name 

address   name                           
-------   ----                           
00001bd1  ADCIntClear                    
00001c7d  ADCIntStatus                   
00001d55  ADCProcessorTrigger            
00001935  ADCSequenceConfigure           
00001d31  ADCSequenceDataGet             
00001b83  ADCSequenceEnable              
00001745  ADCSequenceStepConfigure       
00000c75  C$$EXIT                        
00001a89  CPUbasepriGet                  
00001a83  CPUbasepriSet                  
00001a69  CPUcpsid                       
00001a77  CPUcpsie                       
00001a71  CPUprimask                     
00001a7f  CPUwfi                         
0000084d  ConfigureADC                   
00000709  ConfigurePins                  
00000783  ConfigureTimers                
00000737  ConfigureUART                  
000007df  ConfigureuDMA                  
00001a97  GPIODirModeSet                 
000014ed  GPIOPadConfigSet               
000019f5  GPIOPinConfigure               
00001b09  GPIOPinTypeADC                 
00001b25  GPIOPinTypeGPIOOutput          
00001b41  GPIOPinTypeUART                
00001beb  GPIOPinWrite                   
000008ab  InitConsole                    
000018d1  IntEnable                      
00001b91  IntMasterEnable                
00000d9b  ResetISR                       
UNDEFED   SHT$$INIT_ARRAY$$Base          
UNDEFED   SHT$$INIT_ARRAY$$Limit         
00000833  SetTimerFreq                   
00001399  SysCtlClockGet                 
00001625  SysCtlClockSet                 
00001a91  SysCtlDelay                    
00001d09  SysCtlPeripheralDisable        
00001ac1  SysCtlPeripheralEnable         
00001cb1  SysCtlPeripheralPresent        
00001c41  SysCtlPeripheralReset          
0000094f  Timer0IntHandler               
00001995  TimerConfigure                 
00001d8f  TimerDMAEventSet               
00001b9f  TimerEnable                    
00001d93  TimerIntClear                  
00001bdb  TimerIntEnable                 
00001b71  TimerLoadSet                   
00001d83  UARTCharGet                    
00001bad  UARTCharPut                    
00001bf1  UARTClockSourceSet             
00001861  UARTConfigSetExpClk            
00001d6f  UARTEnable                     
00001be3  UARTIntEnable                  
0000026d  UARTStdioConfig                
000003b3  UARTgetc                       
000002f9  UARTgets                       
000006d3  UARTprintf                     
000003d9  UARTvprintf                    
000002b3  UARTwrite                      
20000600  __STACK_END                    
00000200  __STACK_SIZE                   
20000600  __STACK_TOP                    
00001e58  __TI_CINIT_Base                
00001e68  __TI_CINIT_Limit               
00001e40  __TI_Handler_Table_Base        
00001e4c  __TI_Handler_Table_Limit       
00000b49  __TI_auto_init                 
20000680  __TI_cleanup_ptr               
00000bb9  __TI_decompress_lzss           
00000d81  __TI_decompress_none           
20000684  __TI_dtors_ptr                 
20000688  __TI_enable_exit_profile_output
ffffffff  __TI_pprof_out_hndl            
ffffffff  __TI_prof_data_size            
ffffffff  __TI_prof_data_start           
00000000  __TI_static_base__             
00000d8f  __TI_zero_init                 
00000b47  __aeabi_idiv0                  
00000acd  __aeabi_memclr                 
00000acd  __aeabi_memclr4                
00000acd  __aeabi_memclr8                
00000a31  __aeabi_memcpy                 
00000a31  __aeabi_memcpy4                
00000a31  __aeabi_memcpy8                
00000acf  __aeabi_memset                 
00000acf  __aeabi_memset4                
00000acf  __aeabi_memset8                
00000d15  __aeabi_uidiv                  
00000d15  __aeabi_uidivmod               
ffffffff  __binit__                      
ffffffff  __c_args__                     
00000dab  __mpu_init                     
20000400  __stack                        
00000d55  _args_main                     
00000c21  _c_int00                       
2000068c  _lock                          
00000d7b  _nop                           
00000d73  _register_lock                 
00000d6d  _register_unlock               
00000dad  _system_post_cinit             
00000da7  _system_pre_init               
20000690  _unlock                        
00000c79  abort                          
ffffffff  binit                          
00000cc9  copy_in                        
00000c81  exit                           
00000000  g_pfnVectors                   
000008e7  main                           
200006a4  main_func_sp                   
00000a31  memcpy                         
00000ad5  memset                         
20000694  sen_frq                        
20000696  sen_res                        
20000600  seno                           
00001cdd  uDMAChannelAssign              
00001bf9  uDMAChannelAttributeDisable    
00001ae9  uDMAChannelControlSet          
00001b5d  uDMAChannelEnable              
000017e1  uDMAChannelTransferSet         
00001bb9  uDMAControlBaseSet             
00001bc5  uDMAEnable                     
20000000  uDMA_table                     
20000698  uDMA_table_end                 


GLOBAL SYMBOLS: SORTED BY Symbol Address 

address   name                           
-------   ----                           
00000000  __TI_static_base__             
00000000  g_pfnVectors                   
00000200  __STACK_SIZE                   
0000026d  UARTStdioConfig                
000002b3  UARTwrite                      
000002f9  UARTgets                       
000003b3  UARTgetc                       
000003d9  UARTvprintf                    
000006d3  UARTprintf                     
00000709  ConfigurePins                  
00000737  ConfigureUART                  
00000783  ConfigureTimers                
000007df  ConfigureuDMA                  
00000833  SetTimerFreq                   
0000084d  ConfigureADC                   
000008ab  InitConsole                    
000008e7  main                           
0000094f  Timer0IntHandler               
00000a31  __aeabi_memcpy                 
00000a31  __aeabi_memcpy4                
00000a31  __aeabi_memcpy8                
00000a31  memcpy                         
00000acd  __aeabi_memclr                 
00000acd  __aeabi_memclr4                
00000acd  __aeabi_memclr8                
00000acf  __aeabi_memset                 
00000acf  __aeabi_memset4                
00000acf  __aeabi_memset8                
00000ad5  memset                         
00000b47  __aeabi_idiv0                  
00000b49  __TI_auto_init                 
00000bb9  __TI_decompress_lzss           
00000c21  _c_int00                       
00000c75  C$$EXIT                        
00000c79  abort                          
00000c81  exit                           
00000cc9  copy_in                        
00000d15  __aeabi_uidiv                  
00000d15  __aeabi_uidivmod               
00000d55  _args_main                     
00000d6d  _register_unlock               
00000d73  _register_lock                 
00000d7b  _nop                           
00000d81  __TI_decompress_none           
00000d8f  __TI_zero_init                 
00000d9b  ResetISR                       
00000da7  _system_pre_init               
00000dab  __mpu_init                     
00000dad  _system_post_cinit             
00001399  SysCtlClockGet                 
000014ed  GPIOPadConfigSet               
00001625  SysCtlClockSet                 
00001745  ADCSequenceStepConfigure       
000017e1  uDMAChannelTransferSet         
00001861  UARTConfigSetExpClk            
000018d1  IntEnable                      
00001935  ADCSequenceConfigure           
00001995  TimerConfigure                 
000019f5  GPIOPinConfigure               
00001a69  CPUcpsid                       
00001a71  CPUprimask                     
00001a77  CPUcpsie                       
00001a7f  CPUwfi                         
00001a83  CPUbasepriSet                  
00001a89  CPUbasepriGet                  
00001a91  SysCtlDelay                    
00001a97  GPIODirModeSet                 
00001ac1  SysCtlPeripheralEnable         
00001ae9  uDMAChannelControlSet          
00001b09  GPIOPinTypeADC                 
00001b25  GPIOPinTypeGPIOOutput          
00001b41  GPIOPinTypeUART                
00001b5d  uDMAChannelEnable              
00001b71  TimerLoadSet                   
00001b83  ADCSequenceEnable              
00001b91  IntMasterEnable                
00001b9f  TimerEnable                    
00001bad  UARTCharPut                    
00001bb9  uDMAControlBaseSet             
00001bc5  uDMAEnable                     
00001bd1  ADCIntClear                    
00001bdb  TimerIntEnable                 
00001be3  UARTIntEnable                  
00001beb  GPIOPinWrite                   
00001bf1  UARTClockSourceSet             
00001bf9  uDMAChannelAttributeDisable    
00001c41  SysCtlPeripheralReset          
00001c7d  ADCIntStatus                   
00001cb1  SysCtlPeripheralPresent        
00001cdd  uDMAChannelAssign              
00001d09  SysCtlPeripheralDisable        
00001d31  ADCSequenceDataGet             
00001d55  ADCProcessorTrigger            
00001d6f  UARTEnable                     
00001d83  UARTCharGet                    
00001d8f  TimerDMAEventSet               
00001d93  TimerIntClear                  
00001e40  __TI_Handler_Table_Base        
00001e4c  __TI_Handler_Table_Limit       
00001e58  __TI_CINIT_Base                
00001e68  __TI_CINIT_Limit               
20000000  uDMA_table                     
20000400  __stack                        
20000600  __STACK_END                    
20000600  __STACK_TOP                    
20000600  seno                           
20000680  __TI_cleanup_ptr               
20000684  __TI_dtors_ptr                 
20000688  __TI_enable_exit_profile_output
2000068c  _lock                          
20000690  _unlock                        
20000694  sen_frq                        
20000696  sen_res                        
20000698  uDMA_table_end                 
200006a4  main_func_sp                   
ffffffff  __TI_pprof_out_hndl            
ffffffff  __TI_prof_data_size            
ffffffff  __TI_prof_data_start           
ffffffff  __binit__                      
ffffffff  __c_args__                     
ffffffff  binit                          
UNDEFED   SHT$$INIT_ARRAY$$Base          
UNDEFED   SHT$$INIT_ARRAY$$Limit         

[123 symbols]
