******************************************************************************
                  TI ARM Linker PC v16.9.7                     
******************************************************************************
>> Linked Thu Jun 07 16:34:56 2018

OUTPUT FILE NAME:   <imped.out>
ENTRY POINT SYMBOL: "_c_int00"  address: 00001259


MEMORY CONFIGURATION

         name            origin    length      used     unused   attr    fill
----------------------  --------  ---------  --------  --------  ----  --------
  FLASH                 00000000   00040000  0000279a  0003d866  R  X
  SRAM                  20000000   00008000  000009d0  00007630  RW X


SEGMENT ALLOCATION MAP

run origin  load origin   length   init length attrs members
----------  ----------- ---------- ----------- ----- -------
00000000    00000000    00001c00   00001c00    r-x
  00000000    00000000    0000026c   0000026c    r-- .intvecs
  0000026c    0000026c    000011c4   000011c4    r-x .text
  00001430    00001430    00000588   00000588    r-- .constdata
  000019b8    000019b8    00000154   00000154    r-x i.SysCtlClockGet
  00001b0c    00001b0c    000000b8   000000b8    r-- .const
  00001bc4    00001bc4    00000034   00000034    r-x i.IntRegister
  00001bf8    00001bf8    00000008   00000008    r-x i.TimerIntEnable
00001c00    00001c00    0000026c   00000000    rw-
  00001c00    00001c00    0000026c   00000000    rw- vtable
00001e6c    00001e6c    00000850   00000850    r-x
  00001e6c    00001e6c    00000138   00000138    r-x i.GPIOPadConfigSet
  00001fa4    00001fa4    00000120   00000120    r-x i.SysCtlClockSet
  000020c4    000020c4    0000009a   0000009a    r-x i.ADCSequenceStepConfigure
  0000215e    0000215e    00000002   00000002    r-x i._IntDefaultHandler
  00002160    00002160    00000080   00000080    r-x i.uDMAChannelTransferSet
  000021e0    000021e0    00000064   00000064    r-x i.IntDisable
  00002244    00002244    00000064   00000064    r-x i.IntEnable
  000022a8    000022a8    00000060   00000060    r-x i.ADCSequenceConfigure
  00002308    00002308    00000060   00000060    r-x i.TimerConfigure
  00002368    00002368    00000050   00000050    r-x i.TimerControlTrigger
  000023b8    000023b8    00000044   00000044    r-x i.GPIOPinConfigure
  000023fc    000023fc    0000002e   0000002e    r-x .emb_text
  0000242a    0000242a    00000028   00000028    r-x i.GPIODirModeSet
  00002454    00002454    00000028   00000028    r-x i.SysCtlPeripheralEnable
  0000247c    0000247c    00000020   00000020    r-x i.uDMAChannelControlSet
  0000249c    0000249c    0000001c   0000001c    r-x i.GPIOPinTypeADC
  000024b8    000024b8    0000001c   0000001c    r-x i.GPIOPinTypeGPIOOutput
  000024d4    000024d4    0000001c   0000001c    r-x i.GPIOPinTypeUART
  000024f0    000024f0    00000014   00000014    r-x i.IntUnregister
  00002504    00002504    00000014   00000014    r-x i.uDMAChannelEnable
  00002518    00002518    00000012   00000012    r-x i.TimerLoadSet
  0000252a    0000252a    0000000e   0000000e    r-x i.ADCSequenceEnable
  00002538    00002538    0000000e   0000000e    r-x i.IntMasterEnable
  00002546    00002546    0000000e   0000000e    r-x i.TimerEnable
  00002554    00002554    0000000c   0000000c    r-x i.uDMAControlBaseSet
  00002560    00002560    0000000c   0000000c    r-x i.uDMAEnable
  0000256c    0000256c    0000000a   0000000a    r-x i.ADCIntClear
  00002576    00002576    00000006   00000006    r-x i.GPIOPinWrite
  0000257c    0000257c    00000048   00000048    r-x i.uDMAChannelAttributeDisable
  000025c4    000025c4    0000003c   0000003c    r-x i.SysCtlPeripheralReset
  00002600    00002600    0000002c   0000002c    r-x i.SysCtlPeripheralPresent
  0000262c    0000262c    0000002c   0000002c    r-x i.uDMAChannelAssign
  00002658    00002658    00000028   00000028    r-x i.SysCtlPeripheralDisable
  00002680    00002680    00000024   00000024    r-x i.ADCSequenceDataGet
  000026a4    000026a4    00000010   00000010    r-x i.ADCIntEnable
  000026b4    000026b4    00000004   00000004    r-x i.TimerDMAEventSet
  000026b8    000026b8    00000004   00000004    r-x i.TimerIntClear
000026c0    000026c0    000000e0   000000e0    r--
  000026c0    000026c0    000000e0   000000e0    r-- .cinit
20000000    20000000    000009d0   00000000    rw-
  20000000    20000000    00000724   00000000    rw- .bss
  20000724    20000724    00000200   00000000    rw- .stack
  20000924    20000924    000000ac   00000000    rw- .data


SECTION ALLOCATION MAP

 output                                  attributes/
section   page    origin      length       input sections
--------  ----  ----------  ----------   ----------------
.intvecs   0    00000000    0000026c     
                  00000000    0000026c     tm4c123gh6pm_startup_ccs.obj (.intvecs)

.text      0    0000026c    000011c4     
                  0000026c    00000638     uart.obj (.text)
                  000008a4    0000049c     uartstdio.obj (.text)
                  00000d40    00000328     main.obj (.text)
                  00001068    0000009c     rtsv7M4_T_le_v4SPD16_eabi.lib : memcpy_t2.obj (.text)
                  00001104    0000007a                                   : memset_t2.obj (.text)
                  0000117e    00000002                                   : i_div0.obj (.text)
                  00001180    00000070                                   : autoinit.obj (.text)
                  000011f0    00000068                                   : copy_decompress_lzss.obj (.text:decompress:lzss)
                  00001258    00000054                                   : boot.obj (.text)
                  000012ac    00000054                                   : exit.obj (.text)
                  00001300    0000004c                                   : cpy_tbl.obj (.text)
                  0000134c    00000040                                   : u_divt2.obj (.text)
                  0000138c    00000018                                   : args_main.obj (.text)
                  000013a4    00000014                                   : _lock.obj (.text)
                  000013b8    0000000e                                   : copy_decompress_none.obj (.text:decompress:none)
                  000013c6    0000000c                                   : copy_zero_init.obj (.text:decompress:ZI)
                  000013d2    0000000c     tm4c123gh6pm_startup_ccs.obj (.text)
                  000013de    00000004     rtsv7M4_T_le_v4SPD16_eabi.lib : pre_init.obj (.text)
                  000013e2    00000002                                   : mpu_init.obj (.text)
                  000013e4    00000002                                   : startup.obj (.text)
                  000013e6    00000002     --HOLE-- [fill = 0]
                  000013e8    00000008     driverlib.lib : adc.o (.tramp.ADCSequenceDataGet.1)
                  000013f0    00000008                   : timer.o (.tramp.TimerIntClear.1)
                  000013f8    00000008                   : adc.o (.tramp.ADCIntEnable.1)
                  00001400    00000008                   : udma.o (.tramp.uDMAChannelAttributeDisable.1)
                  00001408    00000008                   : udma.o (.tramp.uDMAChannelAssign.1)
                  00001410    00000008                   : timer.o (.tramp.TimerDMAEventSet.1)
                  00001418    00000008                   : sysctl.o (.tramp.SysCtlPeripheralReset.1)
                  00001420    00000008                   : sysctl.o (.tramp.SysCtlPeripheralDisable.1)
                  00001428    00000008                   : sysctl.o (.tramp.SysCtlPeripheralPresent.1)

.constdata 
*          0    00001430    00000588     
                  00001430    00000254     driverlib.lib : sysctl.o (.constdata)
                  00001684    00000228                   : gpio.o (.constdata)
                  000018ac    0000010c                   : interrupt.o (.constdata)

i.SysCtlClockGet 
*          0    000019b8    00000154     
                  000019b8    00000154     driverlib.lib : sysctl.o (i.SysCtlClockGet)

.const     0    00001b0c    000000b8     
                  00001b0c    00000040     uart.obj (.const:g_ppui32UARTIntMap)
                  00001b4c    00000040     uart.obj (.const:g_ppui32UARTIntMapSnowflake)
                  00001b8c    00000012     uartstdio.obj (.const:.string)
                  00001b9e    00000002     --HOLE-- [fill = 0]
                  00001ba0    0000000c     uartstdio.obj (.const:g_ui32UARTBase)
                  00001bac    0000000c     uartstdio.obj (.const:g_ui32UARTPeriph)
                  00001bb8    00000008     uart.obj (.const)
                  00001bc0    00000004     uartstdio.obj (.const)

i.IntRegister 
*          0    00001bc4    00000034     
                  00001bc4    00000034     driverlib.lib : interrupt.o (i.IntRegister)

i.TimerIntEnable 
*          0    00001bf8    00000008     
                  00001bf8    00000008     driverlib.lib : timer.o (i.TimerIntEnable)

vtable     0    00001c00    0000026c     UNINITIALIZED
                  00001c00    0000026c     driverlib.lib : interrupt.o (vtable)

i.GPIOPadConfigSet 
*          0    00001e6c    00000138     
                  00001e6c    00000138     driverlib.lib : gpio.o (i.GPIOPadConfigSet)

i.SysCtlClockSet 
*          0    00001fa4    00000120     
                  00001fa4    00000120     driverlib.lib : sysctl.o (i.SysCtlClockSet)

i.ADCSequenceStepConfigure 
*          0    000020c4    0000009a     
                  000020c4    0000009a     driverlib.lib : adc.o (i.ADCSequenceStepConfigure)

i._IntDefaultHandler 
*          0    0000215e    00000002     
                  0000215e    00000002     driverlib.lib : interrupt.o (i._IntDefaultHandler)

i.uDMAChannelTransferSet 
*          0    00002160    00000080     
                  00002160    00000080     driverlib.lib : udma.o (i.uDMAChannelTransferSet)

i.IntDisable 
*          0    000021e0    00000064     
                  000021e0    00000064     driverlib.lib : interrupt.o (i.IntDisable)

i.IntEnable 
*          0    00002244    00000064     
                  00002244    00000064     driverlib.lib : interrupt.o (i.IntEnable)

i.ADCSequenceConfigure 
*          0    000022a8    00000060     
                  000022a8    00000060     driverlib.lib : adc.o (i.ADCSequenceConfigure)

i.TimerConfigure 
*          0    00002308    00000060     
                  00002308    00000060     driverlib.lib : timer.o (i.TimerConfigure)

i.TimerControlTrigger 
*          0    00002368    00000050     
                  00002368    00000050     driverlib.lib : timer.o (i.TimerControlTrigger)

i.GPIOPinConfigure 
*          0    000023b8    00000044     
                  000023b8    00000044     driverlib.lib : gpio.o (i.GPIOPinConfigure)

.emb_text 
*          0    000023fc    0000002e     
                  000023fc    00000026     driverlib.lib : cpu.o (.emb_text)
                  00002422    00000002     --HOLE-- [fill = 0]
                  00002424    00000006                   : sysctl.o (.emb_text)

i.GPIODirModeSet 
*          0    0000242a    00000028     
                  0000242a    00000028     driverlib.lib : gpio.o (i.GPIODirModeSet)

i.SysCtlPeripheralEnable 
*          0    00002454    00000028     
                  00002454    00000028     driverlib.lib : sysctl.o (i.SysCtlPeripheralEnable)

i.uDMAChannelControlSet 
*          0    0000247c    00000020     
                  0000247c    00000020     driverlib.lib : udma.o (i.uDMAChannelControlSet)

i.GPIOPinTypeADC 
*          0    0000249c    0000001c     
                  0000249c    0000001c     driverlib.lib : gpio.o (i.GPIOPinTypeADC)

i.GPIOPinTypeGPIOOutput 
*          0    000024b8    0000001c     
                  000024b8    0000001c     driverlib.lib : gpio.o (i.GPIOPinTypeGPIOOutput)

i.GPIOPinTypeUART 
*          0    000024d4    0000001c     
                  000024d4    0000001c     driverlib.lib : gpio.o (i.GPIOPinTypeUART)

i.IntUnregister 
*          0    000024f0    00000014     
                  000024f0    00000014     driverlib.lib : interrupt.o (i.IntUnregister)

i.uDMAChannelEnable 
*          0    00002504    00000014     
                  00002504    00000014     driverlib.lib : udma.o (i.uDMAChannelEnable)

i.TimerLoadSet 
*          0    00002518    00000012     
                  00002518    00000012     driverlib.lib : timer.o (i.TimerLoadSet)

i.ADCSequenceEnable 
*          0    0000252a    0000000e     
                  0000252a    0000000e     driverlib.lib : adc.o (i.ADCSequenceEnable)

i.IntMasterEnable 
*          0    00002538    0000000e     
                  00002538    0000000e     driverlib.lib : interrupt.o (i.IntMasterEnable)

i.TimerEnable 
*          0    00002546    0000000e     
                  00002546    0000000e     driverlib.lib : timer.o (i.TimerEnable)

i.uDMAControlBaseSet 
*          0    00002554    0000000c     
                  00002554    0000000c     driverlib.lib : udma.o (i.uDMAControlBaseSet)

i.uDMAEnable 
*          0    00002560    0000000c     
                  00002560    0000000c     driverlib.lib : udma.o (i.uDMAEnable)

i.ADCIntClear 
*          0    0000256c    0000000a     
                  0000256c    0000000a     driverlib.lib : adc.o (i.ADCIntClear)

i.GPIOPinWrite 
*          0    00002576    00000006     
                  00002576    00000006     driverlib.lib : gpio.o (i.GPIOPinWrite)

i.uDMAChannelAttributeDisable 
*          0    0000257c    00000048     
                  0000257c    00000048     driverlib.lib : udma.o (i.uDMAChannelAttributeDisable)

i.SysCtlPeripheralReset 
*          0    000025c4    0000003c     
                  000025c4    0000003c     driverlib.lib : sysctl.o (i.SysCtlPeripheralReset)

i.SysCtlPeripheralPresent 
*          0    00002600    0000002c     
                  00002600    0000002c     driverlib.lib : sysctl.o (i.SysCtlPeripheralPresent)

i.uDMAChannelAssign 
*          0    0000262c    0000002c     
                  0000262c    0000002c     driverlib.lib : udma.o (i.uDMAChannelAssign)

i.SysCtlPeripheralDisable 
*          0    00002658    00000028     
                  00002658    00000028     driverlib.lib : sysctl.o (i.SysCtlPeripheralDisable)

i.ADCSequenceDataGet 
*          0    00002680    00000024     
                  00002680    00000024     driverlib.lib : adc.o (i.ADCSequenceDataGet)

i.ADCIntEnable 
*          0    000026a4    00000010     
                  000026a4    00000010     driverlib.lib : adc.o (i.ADCIntEnable)

i.TimerDMAEventSet 
*          0    000026b4    00000004     
                  000026b4    00000004     driverlib.lib : timer.o (i.TimerDMAEventSet)

i.TimerIntClear 
*          0    000026b8    00000004     
                  000026b8    00000004     driverlib.lib : timer.o (i.TimerIntClear)

.cinit     0    000026c0    000000e0     
                  000026c0    000000a5     (.cinit..data.load) [load image, compression = lzss]
                  00002765    00000003     --HOLE-- [fill = 0]
                  00002768    0000000c     (__TI_handler_table)
                  00002774    00000009     (.cinit.vtable.load) [load image, compression = lzss]
                  0000277d    00000003     --HOLE-- [fill = 0]
                  00002780    00000008     (.cinit..bss.load) [load image, compression = zero_init]
                  00002788    00000018     (__TI_cinit_table)

.init_array 
*          0    00000000    00000000     UNINITIALIZED

.bss       0    20000000    00000724     UNINITIALIZED
                  20000000    00000400     (.common:uDMA_table)
                  20000400    00000320     (.common:adc_buffer)
                  20000720    00000004     (.common:pui32ADC0Value)

.stack     0    20000724    00000200     UNINITIALIZED
                  20000724    00000200     --HOLE--

.data      0    20000924    000000ac     UNINITIALIZED
                  20000924    00000080     main.obj (.data:seno)
                  200009a4    0000000c     rtsv7M4_T_le_v4SPD16_eabi.lib : exit.obj (.data:$O1$$)
                  200009b0    0000000c     main.obj (.data)
                  200009bc    00000008     rtsv7M4_T_le_v4SPD16_eabi.lib : _lock.obj (.data:$O1$$)
                  200009c4    00000005     uartstdio.obj (.data)
                  200009c9    00000003     --HOLE--
                  200009cc    00000004     rtsv7M4_T_le_v4SPD16_eabi.lib : stkdepth_vars.obj (.data)

MODULE SUMMARY

       Module                         code   ro data   rw data
       ------                         ----   -------   -------
    .\
       main.obj                       808    0         1968   
       uart.obj                       1592   136       0      
       uartstdio.obj                  1180   46        5      
       tm4c123gh6pm_startup_ccs.obj   12     620       0      
    +--+------------------------------+------+---------+---------+
       Total:                         3592   802       1973   
                                                              
    C:/ti/TivaWare_C_Series-2.1.4.178/driverlib/rvmdk/driverlib.lib
       sysctl.o                       842    596       0      
       interrupt.o                    288    268       620    
       gpio.o                         510    552       0      
       adc.o                          342    0         0      
       udma.o                         336    0         0      
       timer.o                        240    0         0      
       cpu.o                          38     0         0      
    +--+------------------------------+------+---------+---------+
       Total:                         2596   1416      620    
                                                              
    C:\ti\ccsv7\tools\compiler\ti-cgt-arm_16.9.7.LTS\lib\rtsv7M4_T_le_v4SPD16_eabi.lib
       memcpy_t2.obj                  156    0         0      
       memset_t2.obj                  122    0         0      
       autoinit.obj                   112    0         0      
       copy_decompress_lzss.obj       104    0         0      
       exit.obj                       84     0         12     
       boot.obj                       84     0         0      
       cpy_tbl.obj                    76     0         0      
       u_divt2.obj                    64     0         0      
       _lock.obj                      20     0         8      
       args_main.obj                  24     0         0      
       copy_decompress_none.obj       14     0         0      
       copy_zero_init.obj             12     0         0      
       pre_init.obj                   4      0         0      
       stkdepth_vars.obj              0      0         4      
       i_div0.obj                     2      0         0      
       mpu_init.obj                   2      0         0      
       startup.obj                    2      0         0      
    +--+------------------------------+------+---------+---------+
       Total:                         882    0         24     
                                                              
       Stack:                         0      0         512    
       Linker Generated:              0      218       0      
    +--+------------------------------+------+---------+---------+
       Grand Total:                   7070   2436      3129   


LINKER GENERATED COPY TABLES

__TI_cinit_table @ 00002788 records: 3, size/record: 8, table size: 24
	.data: load addr=000026c0, load size=000000a5 bytes, run addr=20000924, run size=000000ac bytes, compression=lzss
	vtable: load addr=00002774, load size=00000009 bytes, run addr=00001c00, run size=0000026c bytes, compression=lzss
	.bss: load addr=00002780, load size=00000008 bytes, run addr=20000000, run size=00000724 bytes, compression=zero_init


LINKER GENERATED HANDLER TABLE

__TI_handler_table @ 00002768 records: 3, size/record: 4, table size: 12
	index: 0, handler: __TI_decompress_lzss
	index: 1, handler: __TI_decompress_none
	index: 2, handler: __TI_zero_init


FAR CALL TRAMPOLINES

callee name               trampoline name
   callee addr  tramp addr   call addr  call info
--------------  -----------  ---------  ----------------
ADCSequenceDataGet        $Tramp$TT$S$$ADCSequenceDataGet
   00002681     000013e8     00000fde   main.obj (.text)
TimerIntClear             $Tramp$TT$S$$TimerIntClear
   000026b9     000013f0     00000faa   main.obj (.text)
ADCIntEnable              $Tramp$TT$S$$ADCIntEnable
   000026a5     000013f8     00000f1e   main.obj (.text)
uDMAChannelAttributeDisable  $Tramp$TT$S$$uDMAChannelAttributeDisable
   0000257d     00001400     00000e44   main.obj (.text)
uDMAChannelAssign         $Tramp$TT$S$$uDMAChannelAssign
   0000262d     00001408     00000e3c   main.obj (.text)
TimerDMAEventSet          $Tramp$TT$S$$TimerDMAEventSet
   000026b5     00001410     00000e10   main.obj (.text)
SysCtlPeripheralReset     $Tramp$TT$S$$SysCtlPeripheralReset
   000025c5     00001418     00000d4a   main.obj (.text)
                             00000dc4   main.obj (.text)
                             00000e20   main.obj (.text)
SysCtlPeripheralDisable   $Tramp$TT$S$$SysCtlPeripheralDisable
   00002659     00001420     00000d44   main.obj (.text)
                             00000dbe   main.obj (.text)
                             00000e1a   main.obj (.text)
SysCtlPeripheralPresent   $Tramp$TT$S$$SysCtlPeripheralPresent
   00002601     00001428     000008b4   uartstdio.obj (.text)

[9 trampolines]
[13 trampoline calls]


GLOBAL SYMBOLS: SORTED ALPHABETICALLY BY Name 

address   name                           
-------   ----                           
00000fcf  ADC0IntHandler                 
0000256d  ADCIntClear                    
000026a5  ADCIntEnable                   
000022a9  ADCSequenceConfigure           
00002681  ADCSequenceDataGet             
0000252b  ADCSequenceEnable              
000020c5  ADCSequenceStepConfigure       
000012ad  C$$EXIT                        
0000241d  CPUbasepriGet                  
00002417  CPUbasepriSet                  
000023fd  CPUcpsid                       
0000240b  CPUcpsie                       
00002405  CPUprimask                     
00002413  CPUwfi                         
00000ea7  ConfigureADC                   
00000d41  ConfigurePins                  
00000dbb  ConfigureTimers                
00000d6f  ConfigureUART                  
00000e17  ConfigureuDMA                  
0000242b  GPIODirModeSet                 
00001e6d  GPIOPadConfigSet               
000023b9  GPIOPinConfigure               
0000249d  GPIOPinTypeADC                 
000024b9  GPIOPinTypeGPIOOutput          
000024d5  GPIOPinTypeUART                
00002577  GPIOPinWrite                   
00000e6b  InitConsole                    
000021e1  IntDisable                     
00002245  IntEnable                      
00002539  IntMasterEnable                
00001bc5  IntRegister                    
000024f1  IntUnregister                  
000013d3  ResetISR                       
UNDEFED   SHT$$INIT_ARRAY$$Base          
UNDEFED   SHT$$INIT_ARRAY$$Limit         
000019b9  SysCtlClockGet                 
00001fa5  SysCtlClockSet                 
00002425  SysCtlDelay                    
00002659  SysCtlPeripheralDisable        
00002455  SysCtlPeripheralEnable         
00002601  SysCtlPeripheralPresent        
000025c5  SysCtlPeripheralReset          
00000fa5  Timer1IntHandler               
00002309  TimerConfigure                 
00002369  TimerControlTrigger            
000026b5  TimerDMAEventSet               
00002547  TimerEnable                    
000026b9  TimerIntClear                  
00001bf9  TimerIntEnable                 
00002519  TimerLoadSet                   
00000847  UART9BitAddrSend               
00000821  UART9BitAddrSet                
0000080b  UART9BitDisable                
000007f5  UART9BitEnable                 
0000069b  UARTBreakCtl                   
000006c5  UARTBusy                       
00000643  UARTCharGet                    
00000627  UARTCharGetNonBlocking         
0000067d  UARTCharPut                    
00000659  UARTCharPutNonBlocking         
000005eb  UARTCharsAvail                 
000007e5  UARTClockSourceGet             
000007d1  UARTClockSourceSet             
000003b3  UARTConfigGetExpClk            
0000033d  UARTConfigSetExpClk            
00000797  UARTDMADisable                 
0000077f  UARTDMAEnable                  
00000423  UARTDisable                    
000004a7  UARTDisableSIR                 
000003ff  UARTEnable                     
00000479  UARTEnableSIR                  
00000463  UARTFIFODisable                
0000044d  UARTFIFOEnable                 
00000315  UARTFIFOLevelGet               
000002fd  UARTFIFOLevelSet               
000005ab  UARTFlowControlGet             
0000058f  UARTFlowControlSet             
0000076d  UARTIntClear                   
00000737  UARTIntDisable                 
0000071f  UARTIntEnable                  
000006e3  UARTIntRegister                
0000074f  UARTIntStatus                  
00000705  UARTIntUnregister              
0000088f  UARTLoopbackEnable             
00000545  UARTModemControlClear          
00000569  UARTModemControlGet            
00000505  UARTModemControlSet            
0000057b  UARTModemStatusGet             
000002eb  UARTParityModeGet              
000002cf  UARTParityModeSet              
000007c1  UARTRxErrorClear               
000007af  UARTRxErrorGet                 
000004ef  UARTSmartCardDisable           
000004bd  UARTSmartCardEnable            
00000609  UARTSpaceAvail                 
000008a5  UARTStdioConfig                
000005d9  UARTTxIntModeGet               
000005bd  UARTTxIntModeSet               
000009eb  UARTgetc                       
00000931  UARTgets                       
00000d0b  UARTprintf                     
00000a11  UARTvprintf                    
000008eb  UARTwrite                      
20000924  __STACK_END                    
00000200  __STACK_SIZE                   
20000924  __STACK_TOP                    
00002788  __TI_CINIT_Base                
000027a0  __TI_CINIT_Limit               
00002768  __TI_Handler_Table_Base        
00002774  __TI_Handler_Table_Limit       
00001181  __TI_auto_init                 
200009a4  __TI_cleanup_ptr               
000011f1  __TI_decompress_lzss           
000013b9  __TI_decompress_none           
200009a8  __TI_dtors_ptr                 
200009ac  __TI_enable_exit_profile_output
ffffffff  __TI_pprof_out_hndl            
ffffffff  __TI_prof_data_size            
ffffffff  __TI_prof_data_start           
00000000  __TI_static_base__             
000013c7  __TI_zero_init                 
0000117f  __aeabi_idiv0                  
00001105  __aeabi_memclr                 
00001105  __aeabi_memclr4                
00001105  __aeabi_memclr8                
00001069  __aeabi_memcpy                 
00001069  __aeabi_memcpy4                
00001069  __aeabi_memcpy8                
00001107  __aeabi_memset                 
00001107  __aeabi_memset4                
00001107  __aeabi_memset8                
0000134d  __aeabi_uidiv                  
0000134d  __aeabi_uidivmod               
ffffffff  __binit__                      
ffffffff  __c_args__                     
000013e3  __mpu_init                     
20000724  __stack                        
0000138d  _args_main                     
00001259  _c_int00                       
200009bc  _lock                          
000013b3  _nop                           
000013ab  _register_lock                 
000013a5  _register_unlock               
000013e5  _system_post_cinit             
000013df  _system_pre_init               
200009c0  _unlock                        
000012b1  abort                          
20000400  adc_buffer                     
ffffffff  binit                          
00001301  copy_in                        
000012b9  exit                           
00000000  g_pfnVectors                   
200009b4  i                              
00000f2d  main                           
200009cc  main_func_sp                   
00001069  memcpy                         
0000110d  memset                         
20000720  pui32ADC0Value                 
200009b0  sen_frq                        
200009b2  sen_res                        
20000924  seno                           
0000262d  uDMAChannelAssign              
0000257d  uDMAChannelAttributeDisable    
0000247d  uDMAChannelControlSet          
00002505  uDMAChannelEnable              
00002161  uDMAChannelTransferSet         
00002555  uDMAControlBaseSet             
00002561  uDMAEnable                     
20000000  uDMA_table                     
200009b8  uDMA_table_end                 


GLOBAL SYMBOLS: SORTED BY Symbol Address 

address   name                           
-------   ----                           
00000000  __TI_static_base__             
00000000  g_pfnVectors                   
00000200  __STACK_SIZE                   
000002cf  UARTParityModeSet              
000002eb  UARTParityModeGet              
000002fd  UARTFIFOLevelSet               
00000315  UARTFIFOLevelGet               
0000033d  UARTConfigSetExpClk            
000003b3  UARTConfigGetExpClk            
000003ff  UARTEnable                     
00000423  UARTDisable                    
0000044d  UARTFIFOEnable                 
00000463  UARTFIFODisable                
00000479  UARTEnableSIR                  
000004a7  UARTDisableSIR                 
000004bd  UARTSmartCardEnable            
000004ef  UARTSmartCardDisable           
00000505  UARTModemControlSet            
00000545  UARTModemControlClear          
00000569  UARTModemControlGet            
0000057b  UARTModemStatusGet             
0000058f  UARTFlowControlSet             
000005ab  UARTFlowControlGet             
000005bd  UARTTxIntModeSet               
000005d9  UARTTxIntModeGet               
000005eb  UARTCharsAvail                 
00000609  UARTSpaceAvail                 
00000627  UARTCharGetNonBlocking         
00000643  UARTCharGet                    
00000659  UARTCharPutNonBlocking         
0000067d  UARTCharPut                    
0000069b  UARTBreakCtl                   
000006c5  UARTBusy                       
000006e3  UARTIntRegister                
00000705  UARTIntUnregister              
0000071f  UARTIntEnable                  
00000737  UARTIntDisable                 
0000074f  UARTIntStatus                  
0000076d  UARTIntClear                   
0000077f  UARTDMAEnable                  
00000797  UARTDMADisable                 
000007af  UARTRxErrorGet                 
000007c1  UARTRxErrorClear               
000007d1  UARTClockSourceSet             
000007e5  UARTClockSourceGet             
000007f5  UART9BitEnable                 
0000080b  UART9BitDisable                
00000821  UART9BitAddrSet                
00000847  UART9BitAddrSend               
0000088f  UARTLoopbackEnable             
000008a5  UARTStdioConfig                
000008eb  UARTwrite                      
00000931  UARTgets                       
000009eb  UARTgetc                       
00000a11  UARTvprintf                    
00000d0b  UARTprintf                     
00000d41  ConfigurePins                  
00000d6f  ConfigureUART                  
00000dbb  ConfigureTimers                
00000e17  ConfigureuDMA                  
00000e6b  InitConsole                    
00000ea7  ConfigureADC                   
00000f2d  main                           
00000fa5  Timer1IntHandler               
00000fcf  ADC0IntHandler                 
00001069  __aeabi_memcpy                 
00001069  __aeabi_memcpy4                
00001069  __aeabi_memcpy8                
00001069  memcpy                         
00001105  __aeabi_memclr                 
00001105  __aeabi_memclr4                
00001105  __aeabi_memclr8                
00001107  __aeabi_memset                 
00001107  __aeabi_memset4                
00001107  __aeabi_memset8                
0000110d  memset                         
0000117f  __aeabi_idiv0                  
00001181  __TI_auto_init                 
000011f1  __TI_decompress_lzss           
00001259  _c_int00                       
000012ad  C$$EXIT                        
000012b1  abort                          
000012b9  exit                           
00001301  copy_in                        
0000134d  __aeabi_uidiv                  
0000134d  __aeabi_uidivmod               
0000138d  _args_main                     
000013a5  _register_unlock               
000013ab  _register_lock                 
000013b3  _nop                           
000013b9  __TI_decompress_none           
000013c7  __TI_zero_init                 
000013d3  ResetISR                       
000013df  _system_pre_init               
000013e3  __mpu_init                     
000013e5  _system_post_cinit             
000019b9  SysCtlClockGet                 
00001bc5  IntRegister                    
00001bf9  TimerIntEnable                 
00001e6d  GPIOPadConfigSet               
00001fa5  SysCtlClockSet                 
000020c5  ADCSequenceStepConfigure       
00002161  uDMAChannelTransferSet         
000021e1  IntDisable                     
00002245  IntEnable                      
000022a9  ADCSequenceConfigure           
00002309  TimerConfigure                 
00002369  TimerControlTrigger            
000023b9  GPIOPinConfigure               
000023fd  CPUcpsid                       
00002405  CPUprimask                     
0000240b  CPUcpsie                       
00002413  CPUwfi                         
00002417  CPUbasepriSet                  
0000241d  CPUbasepriGet                  
00002425  SysCtlDelay                    
0000242b  GPIODirModeSet                 
00002455  SysCtlPeripheralEnable         
0000247d  uDMAChannelControlSet          
0000249d  GPIOPinTypeADC                 
000024b9  GPIOPinTypeGPIOOutput          
000024d5  GPIOPinTypeUART                
000024f1  IntUnregister                  
00002505  uDMAChannelEnable              
00002519  TimerLoadSet                   
0000252b  ADCSequenceEnable              
00002539  IntMasterEnable                
00002547  TimerEnable                    
00002555  uDMAControlBaseSet             
00002561  uDMAEnable                     
0000256d  ADCIntClear                    
00002577  GPIOPinWrite                   
0000257d  uDMAChannelAttributeDisable    
000025c5  SysCtlPeripheralReset          
00002601  SysCtlPeripheralPresent        
0000262d  uDMAChannelAssign              
00002659  SysCtlPeripheralDisable        
00002681  ADCSequenceDataGet             
000026a5  ADCIntEnable                   
000026b5  TimerDMAEventSet               
000026b9  TimerIntClear                  
00002768  __TI_Handler_Table_Base        
00002774  __TI_Handler_Table_Limit       
00002788  __TI_CINIT_Base                
000027a0  __TI_CINIT_Limit               
20000000  uDMA_table                     
20000400  adc_buffer                     
20000720  pui32ADC0Value                 
20000724  __stack                        
20000924  __STACK_END                    
20000924  __STACK_TOP                    
20000924  seno                           
200009a4  __TI_cleanup_ptr               
200009a8  __TI_dtors_ptr                 
200009ac  __TI_enable_exit_profile_output
200009b0  sen_frq                        
200009b2  sen_res                        
200009b4  i                              
200009b8  uDMA_table_end                 
200009bc  _lock                          
200009c0  _unlock                        
200009cc  main_func_sp                   
ffffffff  __TI_pprof_out_hndl            
ffffffff  __TI_prof_data_size            
ffffffff  __TI_prof_data_start           
ffffffff  __binit__                      
ffffffff  __c_args__                     
ffffffff  binit                          
UNDEFED   SHT$$INIT_ARRAY$$Base          
UNDEFED   SHT$$INIT_ARRAY$$Limit         

[170 symbols]
