******************************************************************************
                  TI ARM Linker PC v16.9.7                     
******************************************************************************
>> Linked Thu Jun 07 12:30:00 2018

OUTPUT FILE NAME:   <imped.out>
ENTRY POINT SYMBOL: "_c_int00"  address: 00000ce9


MEMORY CONFIGURATION

         name            origin    length      used     unused   attr    fill
----------------------  --------  ---------  --------  --------  ----  --------
  FLASH                 00000000   00040000  00001ec0  0003e140  R  X
  SRAM                  20000000   00008000  000009d4  0000762c  RW X


SEGMENT ALLOCATION MAP

run origin  load origin   length   init length attrs members
----------  ----------- ---------- ----------- ----- -------
00000000    00000000    00001ec8   00001ec8    r-x
  00000000    00000000    0000026c   0000026c    r-- .intvecs
  0000026c    0000026c    00000c5c   00000c5c    r-x .text
  00000ec8    00000ec8    00000588   00000588    r-- .constdata
  00001450    00001450    00000154   00000154    r-x i.SysCtlClockGet
  000015a4    000015a4    00000138   00000138    r-x i.GPIOPadConfigSet
  000016dc    000016dc    00000120   00000120    r-x i.SysCtlClockSet
  000017fc    000017fc    0000009a   0000009a    r-x i.ADCSequenceStepConfigure
  00001898    00001898    00000080   00000080    r-x i.uDMAChannelTransferSet
  00001918    00001918    0000006e   0000006e    r-x i.UARTConfigSetExpClk
  00001988    00001988    00000064   00000064    r-x i.IntEnable
  000019ec    000019ec    00000060   00000060    r-x i.ADCSequenceConfigure
  00001a4c    00001a4c    00000060   00000060    r-x i.TimerConfigure
  00001aac    00001aac    00000044   00000044    r-x i.GPIOPinConfigure
  00001af0    00001af0    00000030   00000030    r-- .const
  00001b20    00001b20    0000002e   0000002e    r-x .emb_text
  00001b4e    00001b4e    00000028   00000028    r-x i.GPIODirModeSet
  00001b78    00001b78    00000028   00000028    r-x i.SysCtlPeripheralEnable
  00001ba0    00001ba0    00000020   00000020    r-x i.uDMAChannelControlSet
  00001bc0    00001bc0    0000001c   0000001c    r-x i.GPIOPinTypeADC
  00001bdc    00001bdc    0000001c   0000001c    r-x i.GPIOPinTypeGPIOOutput
  00001bf8    00001bf8    0000001c   0000001c    r-x i.GPIOPinTypeUART
  00001c14    00001c14    00000014   00000014    r-x i.uDMAChannelEnable
  00001c28    00001c28    00000012   00000012    r-x i.TimerLoadSet
  00001c3a    00001c3a    0000000e   0000000e    r-x i.ADCSequenceEnable
  00001c48    00001c48    0000000e   0000000e    r-x i.IntMasterEnable
  00001c56    00001c56    0000000e   0000000e    r-x i.TimerEnable
  00001c64    00001c64    0000000c   0000000c    r-x i.UARTCharPut
  00001c70    00001c70    0000000c   0000000c    r-x i.uDMAControlBaseSet
  00001c7c    00001c7c    0000000c   0000000c    r-x i.uDMAEnable
  00001c88    00001c88    0000000a   0000000a    r-x i.ADCIntClear
  00001c92    00001c92    00000008   00000008    r-x i.TimerIntEnable
  00001c9a    00001c9a    00000008   00000008    r-x i.UARTIntEnable
  00001ca2    00001ca2    00000006   00000006    r-x i.GPIOPinWrite
  00001ca8    00001ca8    00000006   00000006    r-x i.UARTClockSourceSet
  00001cb0    00001cb0    00000048   00000048    r-x i.uDMAChannelAttributeDisable
  00001cf8    00001cf8    0000003c   0000003c    r-x i.SysCtlPeripheralReset
  00001d34    00001d34    0000002c   0000002c    r-x i.SysCtlPeripheralPresent
  00001d60    00001d60    0000002c   0000002c    r-x i.uDMAChannelAssign
  00001d8c    00001d8c    00000028   00000028    r-x i.SysCtlPeripheralDisable
  00001db4    00001db4    00000024   00000024    r-x i.ADCSequenceDataGet
  00001dd8    00001dd8    00000014   00000014    r-x i.UARTEnable
  00001dec    00001dec    0000000c   0000000c    r-x i.UARTCharGet
  00001df8    00001df8    00000004   00000004    r-x i.TimerDMAEventSet
  00001dfc    00001dfc    00000004   00000004    r-x i.TimerIntClear
  00001e00    00001e00    000000c8   000000c8    r-- .cinit
20000000    20000000    000009d4   00000000    rw-
  20000000    20000000    00000724   00000000    rw- .bss
  20000724    20000724    00000200   00000000    rw- .stack
  20000924    20000924    000000b0   00000000    rw- .data


SECTION ALLOCATION MAP

 output                                  attributes/
section   page    origin      length       input sections
--------  ----  ----------  ----------   ----------------
.intvecs   0    00000000    0000026c     
                  00000000    0000026c     tm4c123gh6pm_startup_ccs.obj (.intvecs)

.text      0    0000026c    00000c5c     
                  0000026c    0000049c     uartstdio.obj (.text)
                  00000708    000003f0     main.obj (.text)
                  00000af8    0000009c     rtsv7M4_T_le_v4SPD16_eabi.lib : memcpy_t2.obj (.text)
                  00000b94    0000007a                                   : memset_t2.obj (.text)
                  00000c0e    00000002                                   : i_div0.obj (.text)
                  00000c10    00000070                                   : autoinit.obj (.text)
                  00000c80    00000068                                   : copy_decompress_lzss.obj (.text:decompress:lzss)
                  00000ce8    00000054                                   : boot.obj (.text)
                  00000d3c    00000054                                   : exit.obj (.text)
                  00000d90    0000004c                                   : cpy_tbl.obj (.text)
                  00000ddc    00000040                                   : u_divt2.obj (.text)
                  00000e1c    00000018                                   : args_main.obj (.text)
                  00000e34    00000014                                   : _lock.obj (.text)
                  00000e48    0000000e                                   : copy_decompress_none.obj (.text:decompress:none)
                  00000e56    0000000c                                   : copy_zero_init.obj (.text:decompress:ZI)
                  00000e62    0000000c     tm4c123gh6pm_startup_ccs.obj (.text)
                  00000e6e    00000004     rtsv7M4_T_le_v4SPD16_eabi.lib : pre_init.obj (.text)
                  00000e72    00000002                                   : mpu_init.obj (.text)
                  00000e74    00000002                                   : startup.obj (.text)
                  00000e76    00000002     --HOLE-- [fill = 0]
                  00000e78    00000008     driverlib.lib : adc.o (.tramp.ADCSequenceDataGet.1)
                  00000e80    00000008                   : timer.o (.tramp.TimerIntClear.1)
                  00000e88    00000008                   : udma.o (.tramp.uDMAChannelAttributeDisable.1)
                  00000e90    00000008                   : udma.o (.tramp.uDMAChannelAssign.1)
                  00000e98    00000008                   : timer.o (.tramp.TimerDMAEventSet.1)
                  00000ea0    00000008                   : sysctl.o (.tramp.SysCtlPeripheralReset.1)
                  00000ea8    00000008                   : sysctl.o (.tramp.SysCtlPeripheralDisable.1)
                  00000eb0    00000008                   : uart.o (.tramp.UARTCharGet.1)
                  00000eb8    00000008                   : uart.o (.tramp.UARTEnable.1)
                  00000ec0    00000008                   : sysctl.o (.tramp.SysCtlPeripheralPresent.1)

.constdata 
*          0    00000ec8    00000588     
                  00000ec8    00000254     driverlib.lib : sysctl.o (.constdata)
                  0000111c    00000228                   : gpio.o (.constdata)
                  00001344    0000010c                   : interrupt.o (.constdata)

i.SysCtlClockGet 
*          0    00001450    00000154     
                  00001450    00000154     driverlib.lib : sysctl.o (i.SysCtlClockGet)

i.GPIOPadConfigSet 
*          0    000015a4    00000138     
                  000015a4    00000138     driverlib.lib : gpio.o (i.GPIOPadConfigSet)

i.SysCtlClockSet 
*          0    000016dc    00000120     
                  000016dc    00000120     driverlib.lib : sysctl.o (i.SysCtlClockSet)

i.ADCSequenceStepConfigure 
*          0    000017fc    0000009a     
                  000017fc    0000009a     driverlib.lib : adc.o (i.ADCSequenceStepConfigure)

i.uDMAChannelTransferSet 
*          0    00001898    00000080     
                  00001898    00000080     driverlib.lib : udma.o (i.uDMAChannelTransferSet)

i.UARTConfigSetExpClk 
*          0    00001918    0000006e     
                  00001918    0000006e     driverlib.lib : uart.o (i.UARTConfigSetExpClk)

i.IntEnable 
*          0    00001988    00000064     
                  00001988    00000064     driverlib.lib : interrupt.o (i.IntEnable)

i.ADCSequenceConfigure 
*          0    000019ec    00000060     
                  000019ec    00000060     driverlib.lib : adc.o (i.ADCSequenceConfigure)

i.TimerConfigure 
*          0    00001a4c    00000060     
                  00001a4c    00000060     driverlib.lib : timer.o (i.TimerConfigure)

i.GPIOPinConfigure 
*          0    00001aac    00000044     
                  00001aac    00000044     driverlib.lib : gpio.o (i.GPIOPinConfigure)

.const     0    00001af0    00000030     
                  00001af0    00000012     uartstdio.obj (.const:.string)
                  00001b02    00000002     --HOLE-- [fill = 0]
                  00001b04    0000000c     uartstdio.obj (.const:g_ui32UARTBase)
                  00001b10    0000000c     uartstdio.obj (.const:g_ui32UARTPeriph)
                  00001b1c    00000004     uartstdio.obj (.const)

.emb_text 
*          0    00001b20    0000002e     
                  00001b20    00000026     driverlib.lib : cpu.o (.emb_text)
                  00001b46    00000002     --HOLE-- [fill = 0]
                  00001b48    00000006                   : sysctl.o (.emb_text)

i.GPIODirModeSet 
*          0    00001b4e    00000028     
                  00001b4e    00000028     driverlib.lib : gpio.o (i.GPIODirModeSet)

i.SysCtlPeripheralEnable 
*          0    00001b78    00000028     
                  00001b78    00000028     driverlib.lib : sysctl.o (i.SysCtlPeripheralEnable)

i.uDMAChannelControlSet 
*          0    00001ba0    00000020     
                  00001ba0    00000020     driverlib.lib : udma.o (i.uDMAChannelControlSet)

i.GPIOPinTypeADC 
*          0    00001bc0    0000001c     
                  00001bc0    0000001c     driverlib.lib : gpio.o (i.GPIOPinTypeADC)

i.GPIOPinTypeGPIOOutput 
*          0    00001bdc    0000001c     
                  00001bdc    0000001c     driverlib.lib : gpio.o (i.GPIOPinTypeGPIOOutput)

i.GPIOPinTypeUART 
*          0    00001bf8    0000001c     
                  00001bf8    0000001c     driverlib.lib : gpio.o (i.GPIOPinTypeUART)

i.uDMAChannelEnable 
*          0    00001c14    00000014     
                  00001c14    00000014     driverlib.lib : udma.o (i.uDMAChannelEnable)

i.TimerLoadSet 
*          0    00001c28    00000012     
                  00001c28    00000012     driverlib.lib : timer.o (i.TimerLoadSet)

i.ADCSequenceEnable 
*          0    00001c3a    0000000e     
                  00001c3a    0000000e     driverlib.lib : adc.o (i.ADCSequenceEnable)

i.IntMasterEnable 
*          0    00001c48    0000000e     
                  00001c48    0000000e     driverlib.lib : interrupt.o (i.IntMasterEnable)

i.ADCIntClear 
*          0    00001c88    0000000a     
                  00001c88    0000000a     driverlib.lib : adc.o (i.ADCIntClear)

i.GPIOPinWrite 
*          0    00001ca2    00000006     
                  00001ca2    00000006     driverlib.lib : gpio.o (i.GPIOPinWrite)

.cinit     0    00001e00    000000c8     
                  00001e00    000000a2     (.cinit..data.load) [load image, compression = lzss]
                  00001ea2    00000002     --HOLE-- [fill = 0]
                  00001ea4    0000000c     (__TI_handler_table)
                  00001eb0    00000008     (.cinit..bss.load) [load image, compression = zero_init]
                  00001eb8    00000010     (__TI_cinit_table)

.init_array 
*          0    00000000    00000000     UNINITIALIZED

i.TimerEnable 
*          0    00001c56    0000000e     
                  00001c56    0000000e     driverlib.lib : timer.o (i.TimerEnable)

i.UARTCharPut 
*          0    00001c64    0000000c     
                  00001c64    0000000c     driverlib.lib : uart.o (i.UARTCharPut)

i.uDMAControlBaseSet 
*          0    00001c70    0000000c     
                  00001c70    0000000c     driverlib.lib : udma.o (i.uDMAControlBaseSet)

i.uDMAEnable 
*          0    00001c7c    0000000c     
                  00001c7c    0000000c     driverlib.lib : udma.o (i.uDMAEnable)

i.TimerIntEnable 
*          0    00001c92    00000008     
                  00001c92    00000008     driverlib.lib : timer.o (i.TimerIntEnable)

i.UARTIntEnable 
*          0    00001c9a    00000008     
                  00001c9a    00000008     driverlib.lib : uart.o (i.UARTIntEnable)

i.UARTClockSourceSet 
*          0    00001ca8    00000006     
                  00001ca8    00000006     driverlib.lib : uart.o (i.UARTClockSourceSet)

i.uDMAChannelAttributeDisable 
*          0    00001cb0    00000048     
                  00001cb0    00000048     driverlib.lib : udma.o (i.uDMAChannelAttributeDisable)

i.SysCtlPeripheralReset 
*          0    00001cf8    0000003c     
                  00001cf8    0000003c     driverlib.lib : sysctl.o (i.SysCtlPeripheralReset)

i.SysCtlPeripheralPresent 
*          0    00001d34    0000002c     
                  00001d34    0000002c     driverlib.lib : sysctl.o (i.SysCtlPeripheralPresent)

i.uDMAChannelAssign 
*          0    00001d60    0000002c     
                  00001d60    0000002c     driverlib.lib : udma.o (i.uDMAChannelAssign)

i.SysCtlPeripheralDisable 
*          0    00001d8c    00000028     
                  00001d8c    00000028     driverlib.lib : sysctl.o (i.SysCtlPeripheralDisable)

i.ADCSequenceDataGet 
*          0    00001db4    00000024     
                  00001db4    00000024     driverlib.lib : adc.o (i.ADCSequenceDataGet)

i.UARTEnable 
*          0    00001dd8    00000014     
                  00001dd8    00000014     driverlib.lib : uart.o (i.UARTEnable)

i.UARTCharGet 
*          0    00001dec    0000000c     
                  00001dec    0000000c     driverlib.lib : uart.o (i.UARTCharGet)

i.TimerDMAEventSet 
*          0    00001df8    00000004     
                  00001df8    00000004     driverlib.lib : timer.o (i.TimerDMAEventSet)

i.TimerIntClear 
*          0    00001dfc    00000004     
                  00001dfc    00000004     driverlib.lib : timer.o (i.TimerIntClear)

.bss       0    20000000    00000724     UNINITIALIZED
                  20000000    00000400     (.common:uDMA_table)
                  20000400    00000320     (.common:adc_buffer)
                  20000720    00000004     (.common:pui32ADC0Value)

.stack     0    20000724    00000200     UNINITIALIZED
                  20000724    00000200     --HOLE--

.data      0    20000924    000000b0     UNINITIALIZED
                  20000924    00000080     main.obj (.data:seno)
                  200009a4    00000010     main.obj (.data)
                  200009b4    0000000c     rtsv7M4_T_le_v4SPD16_eabi.lib : exit.obj (.data:$O1$$)
                  200009c0    00000008                                   : _lock.obj (.data:$O1$$)
                  200009c8    00000005     uartstdio.obj (.data)
                  200009cd    00000003     --HOLE--
                  200009d0    00000004     rtsv7M4_T_le_v4SPD16_eabi.lib : stkdepth_vars.obj (.data)

MODULE SUMMARY

       Module                         code   ro data   rw data
       ------                         ----   -------   -------
    .\
       main.obj                       1008   0         1972   
       uartstdio.obj                  1180   46        5      
       tm4c123gh6pm_startup_ccs.obj   12     620       0      
    +--+------------------------------+------+---------+---------+
       Total:                         2200   666       1977   
                                                              
    C:/ti/TivaWare_C_Series-2.1.4.178/driverlib/rvmdk/driverlib.lib
       sysctl.o                       842    596       0      
       gpio.o                         510    552       0      
       interrupt.o                    114    268       0      
       udma.o                         336    0         0      
       adc.o                          318    0         0      
       uart.o                         184    0         0      
       timer.o                        160    0         0      
       cpu.o                          38     0         0      
    +--+------------------------------+------+---------+---------+
       Total:                         2502   1416      0      
                                                              
    C:\ti\ccsv7\tools\compiler\ti-cgt-arm_16.9.7.LTS\lib\rtsv7M4_T_le_v4SPD16_eabi.lib
       memcpy_t2.obj                  156    0         0      
       memset_t2.obj                  122    0         0      
       autoinit.obj                   112    0         0      
       copy_decompress_lzss.obj       104    0         0      
       exit.obj                       84     0         12     
       boot.obj                       84     0         0      
       cpy_tbl.obj                    76     0         0      
       u_divt2.obj                    64     0         0      
       _lock.obj                      20     0         8      
       args_main.obj                  24     0         0      
       copy_decompress_none.obj       14     0         0      
       copy_zero_init.obj             12     0         0      
       pre_init.obj                   4      0         0      
       stkdepth_vars.obj              0      0         4      
       i_div0.obj                     2      0         0      
       mpu_init.obj                   2      0         0      
       startup.obj                    2      0         0      
    +--+------------------------------+------+---------+---------+
       Total:                         882    0         24     
                                                              
       Stack:                         0      0         512    
       Linker Generated:              0      198       0      
    +--+------------------------------+------+---------+---------+
       Grand Total:                   5584   2280      2513   


LINKER GENERATED COPY TABLES

__TI_cinit_table @ 00001eb8 records: 2, size/record: 8, table size: 16
	.data: load addr=00001e00, load size=000000a2 bytes, run addr=20000924, run size=000000b0 bytes, compression=lzss
	.bss: load addr=00001eb0, load size=00000008 bytes, run addr=20000000, run size=00000724 bytes, compression=zero_init


LINKER GENERATED HANDLER TABLE

__TI_handler_table @ 00001ea4 records: 3, size/record: 4, table size: 12
	index: 0, handler: __TI_decompress_lzss
	index: 1, handler: __TI_decompress_none
	index: 2, handler: __TI_zero_init


FAR CALL TRAMPOLINES

callee name               trampoline name
   callee addr  tramp addr   call addr  call info
--------------  -----------  ---------  ----------------
ADCSequenceDataGet        $Tramp$TT$S$$ADCSequenceDataGet
   00001db5     00000e78     00000a10   main.obj (.text)
TimerIntClear             $Tramp$TT$S$$TimerIntClear
   00001dfd     00000e80     0000098c   main.obj (.text)
                             00000994   main.obj (.text)
                             000009d8   main.obj (.text)
uDMAChannelAttributeDisable  $Tramp$TT$S$$uDMAChannelAttributeDisable
   00001cb1     00000e88     00000862   main.obj (.text)
uDMAChannelAssign         $Tramp$TT$S$$uDMAChannelAssign
   00001d61     00000e90     0000085a   main.obj (.text)
TimerDMAEventSet          $Tramp$TT$S$$TimerDMAEventSet
   00001df9     00000e98     00000826   main.obj (.text)
                             0000082e   main.obj (.text)
SysCtlPeripheralReset     $Tramp$TT$S$$SysCtlPeripheralReset
   00001cf9     00000ea0     00000712   main.obj (.text)
                             0000078c   main.obj (.text)
                             000007d0   main.obj (.text)
                             0000083e   main.obj (.text)
SysCtlPeripheralDisable   $Tramp$TT$S$$SysCtlPeripheralDisable
   00001d8d     00000ea8     0000070c   main.obj (.text)
                             00000786   main.obj (.text)
                             000007ca   main.obj (.text)
                             00000838   main.obj (.text)
UARTCharGet               $Tramp$TT$S$$UARTCharGet
   00001ded     00000eb0     00000310   uartstdio.obj (.text)
                             000003b8   uartstdio.obj (.text)
UARTEnable                $Tramp$TT$S$$UARTEnable
   00001dd9     00000eb8     000002ac   uartstdio.obj (.text)
SysCtlPeripheralPresent   $Tramp$TT$S$$SysCtlPeripheralPresent
   00001d35     00000ec0     0000027c   uartstdio.obj (.text)

[10 trampolines]
[20 trampoline calls]


GLOBAL SYMBOLS: SORTED ALPHABETICALLY BY Name 

address   name                           
-------   ----                           
00000a01  ADC0IntHandler                 
00001c89  ADCIntClear                    
000019ed  ADCSequenceConfigure           
00001db5  ADCSequenceDataGet             
00001c3b  ADCSequenceEnable              
000017fd  ADCSequenceStepConfigure       
00000d3d  C$$EXIT                        
00001b41  CPUbasepriGet                  
00001b3b  CPUbasepriSet                  
00001b21  CPUcpsid                       
00001b2f  CPUcpsie                       
00001b29  CPUprimask                     
00001b37  CPUwfi                         
000008a3  ConfigureADC                   
00000709  ConfigurePins                  
00000783  ConfigureTimers                
00000737  ConfigureUART                  
00000835  ConfigureuDMA                  
00001b4f  GPIODirModeSet                 
000015a5  GPIOPadConfigSet               
00001aad  GPIOPinConfigure               
00001bc1  GPIOPinTypeADC                 
00001bdd  GPIOPinTypeGPIOOutput          
00001bf9  GPIOPinTypeUART                
00001ca3  GPIOPinWrite                   
00000901  InitConsole                    
00001989  IntEnable                      
00001c49  IntMasterEnable                
00000e63  ResetISR                       
UNDEFED   SHT$$INIT_ARRAY$$Base          
UNDEFED   SHT$$INIT_ARRAY$$Limit         
00000889  SetTimerFreq                   
00001451  SysCtlClockGet                 
000016dd  SysCtlClockSet                 
00001b49  SysCtlDelay                    
00001d8d  SysCtlPeripheralDisable        
00001b79  SysCtlPeripheralEnable         
00001d35  SysCtlPeripheralPresent        
00001cf9  SysCtlPeripheralReset          
000009cd  Timer1IntHandler               
00001a4d  TimerConfigure                 
00001df9  TimerDMAEventSet               
00001c57  TimerEnable                    
00001dfd  TimerIntClear                  
00001c93  TimerIntEnable                 
00001c29  TimerLoadSet                   
00001ded  UARTCharGet                    
00001c65  UARTCharPut                    
00001ca9  UARTClockSourceSet             
00001919  UARTConfigSetExpClk            
00001dd9  UARTEnable                     
00001c9b  UARTIntEnable                  
0000026d  UARTStdioConfig                
000003b3  UARTgetc                       
000002f9  UARTgets                       
000006d3  UARTprintf                     
000003d9  UARTvprintf                    
000002b3  UARTwrite                      
20000924  __STACK_END                    
00000200  __STACK_SIZE                   
20000924  __STACK_TOP                    
00001eb8  __TI_CINIT_Base                
00001ec8  __TI_CINIT_Limit               
00001ea4  __TI_Handler_Table_Base        
00001eb0  __TI_Handler_Table_Limit       
00000c11  __TI_auto_init                 
200009b4  __TI_cleanup_ptr               
00000c81  __TI_decompress_lzss           
00000e49  __TI_decompress_none           
200009b8  __TI_dtors_ptr                 
200009bc  __TI_enable_exit_profile_output
ffffffff  __TI_pprof_out_hndl            
ffffffff  __TI_prof_data_size            
ffffffff  __TI_prof_data_start           
00000000  __TI_static_base__             
00000e57  __TI_zero_init                 
00000c0f  __aeabi_idiv0                  
00000b95  __aeabi_memclr                 
00000b95  __aeabi_memclr4                
00000b95  __aeabi_memclr8                
00000af9  __aeabi_memcpy                 
00000af9  __aeabi_memcpy4                
00000af9  __aeabi_memcpy8                
00000b97  __aeabi_memset                 
00000b97  __aeabi_memset4                
00000b97  __aeabi_memset8                
00000ddd  __aeabi_uidiv                  
00000ddd  __aeabi_uidivmod               
ffffffff  __binit__                      
ffffffff  __c_args__                     
00000e73  __mpu_init                     
20000724  __stack                        
00000e1d  _args_main                     
00000ce9  _c_int00                       
200009c0  _lock                          
00000e43  _nop                           
00000e3b  _register_lock                 
00000e35  _register_unlock               
00000e75  _system_post_cinit             
00000e6f  _system_pre_init               
200009c4  _unlock                        
00000d41  abort                          
20000400  adc_buffer                     
200009a8  adc_start                      
ffffffff  binit                          
00000d91  copy_in                        
00000d49  exit                           
00000000  g_pfnVectors                   
200009ac  i                              
0000093d  main                           
200009d0  main_func_sp                   
00000af9  memcpy                         
00000b9d  memset                         
20000720  pui32ADC0Value                 
200009a4  sen_frq                        
200009a6  sen_res                        
20000924  seno                           
00001d61  uDMAChannelAssign              
00001cb1  uDMAChannelAttributeDisable    
00001ba1  uDMAChannelControlSet          
00001c15  uDMAChannelEnable              
00001899  uDMAChannelTransferSet         
00001c71  uDMAControlBaseSet             
00001c7d  uDMAEnable                     
20000000  uDMA_table                     
200009b0  uDMA_table_end                 


GLOBAL SYMBOLS: SORTED BY Symbol Address 

address   name                           
-------   ----                           
00000000  __TI_static_base__             
00000000  g_pfnVectors                   
00000200  __STACK_SIZE                   
0000026d  UARTStdioConfig                
000002b3  UARTwrite                      
000002f9  UARTgets                       
000003b3  UARTgetc                       
000003d9  UARTvprintf                    
000006d3  UARTprintf                     
00000709  ConfigurePins                  
00000737  ConfigureUART                  
00000783  ConfigureTimers                
00000835  ConfigureuDMA                  
00000889  SetTimerFreq                   
000008a3  ConfigureADC                   
00000901  InitConsole                    
0000093d  main                           
000009cd  Timer1IntHandler               
00000a01  ADC0IntHandler                 
00000af9  __aeabi_memcpy                 
00000af9  __aeabi_memcpy4                
00000af9  __aeabi_memcpy8                
00000af9  memcpy                         
00000b95  __aeabi_memclr                 
00000b95  __aeabi_memclr4                
00000b95  __aeabi_memclr8                
00000b97  __aeabi_memset                 
00000b97  __aeabi_memset4                
00000b97  __aeabi_memset8                
00000b9d  memset                         
00000c0f  __aeabi_idiv0                  
00000c11  __TI_auto_init                 
00000c81  __TI_decompress_lzss           
00000ce9  _c_int00                       
00000d3d  C$$EXIT                        
00000d41  abort                          
00000d49  exit                           
00000d91  copy_in                        
00000ddd  __aeabi_uidiv                  
00000ddd  __aeabi_uidivmod               
00000e1d  _args_main                     
00000e35  _register_unlock               
00000e3b  _register_lock                 
00000e43  _nop                           
00000e49  __TI_decompress_none           
00000e57  __TI_zero_init                 
00000e63  ResetISR                       
00000e6f  _system_pre_init               
00000e73  __mpu_init                     
00000e75  _system_post_cinit             
00001451  SysCtlClockGet                 
000015a5  GPIOPadConfigSet               
000016dd  SysCtlClockSet                 
000017fd  ADCSequenceStepConfigure       
00001899  uDMAChannelTransferSet         
00001919  UARTConfigSetExpClk            
00001989  IntEnable                      
000019ed  ADCSequenceConfigure           
00001a4d  TimerConfigure                 
00001aad  GPIOPinConfigure               
00001b21  CPUcpsid                       
00001b29  CPUprimask                     
00001b2f  CPUcpsie                       
00001b37  CPUwfi                         
00001b3b  CPUbasepriSet                  
00001b41  CPUbasepriGet                  
00001b49  SysCtlDelay                    
00001b4f  GPIODirModeSet                 
00001b79  SysCtlPeripheralEnable         
00001ba1  uDMAChannelControlSet          
00001bc1  GPIOPinTypeADC                 
00001bdd  GPIOPinTypeGPIOOutput          
00001bf9  GPIOPinTypeUART                
00001c15  uDMAChannelEnable              
00001c29  TimerLoadSet                   
00001c3b  ADCSequenceEnable              
00001c49  IntMasterEnable                
00001c57  TimerEnable                    
00001c65  UARTCharPut                    
00001c71  uDMAControlBaseSet             
00001c7d  uDMAEnable                     
00001c89  ADCIntClear                    
00001c93  TimerIntEnable                 
00001c9b  UARTIntEnable                  
00001ca3  GPIOPinWrite                   
00001ca9  UARTClockSourceSet             
00001cb1  uDMAChannelAttributeDisable    
00001cf9  SysCtlPeripheralReset          
00001d35  SysCtlPeripheralPresent        
00001d61  uDMAChannelAssign              
00001d8d  SysCtlPeripheralDisable        
00001db5  ADCSequenceDataGet             
00001dd9  UARTEnable                     
00001ded  UARTCharGet                    
00001df9  TimerDMAEventSet               
00001dfd  TimerIntClear                  
00001ea4  __TI_Handler_Table_Base        
00001eb0  __TI_Handler_Table_Limit       
00001eb8  __TI_CINIT_Base                
00001ec8  __TI_CINIT_Limit               
20000000  uDMA_table                     
20000400  adc_buffer                     
20000720  pui32ADC0Value                 
20000724  __stack                        
20000924  __STACK_END                    
20000924  __STACK_TOP                    
20000924  seno                           
200009a4  sen_frq                        
200009a6  sen_res                        
200009a8  adc_start                      
200009ac  i                              
200009b0  uDMA_table_end                 
200009b4  __TI_cleanup_ptr               
200009b8  __TI_dtors_ptr                 
200009bc  __TI_enable_exit_profile_output
200009c0  _lock                          
200009c4  _unlock                        
200009d0  main_func_sp                   
ffffffff  __TI_pprof_out_hndl            
ffffffff  __TI_prof_data_size            
ffffffff  __TI_prof_data_start           
ffffffff  __binit__                      
ffffffff  __c_args__                     
ffffffff  binit                          
UNDEFED   SHT$$INIT_ARRAY$$Base          
UNDEFED   SHT$$INIT_ARRAY$$Limit         

[126 symbols]
